Archive member included to satisfy reference by file (symbol)

C:/Users/user/.eclipse/com.st.stm32cube.ide.mcu.rcp.product_1.15.0_424927651_win32_win32_x86_64/plugins/com.st.stm32cube.ide.mcu.externaltools.gnu-tools-for-stm32.12.3.rel1.win32_1.0.200.202406191623/tools/bin/../lib/gcc/arm-none-eabi/12.3.1/../../../../arm-none-eabi/lib/thumb/v7e-m+fp/hard\libc_nano.a(libc_a-exit.o)
                              C:/Users/user/.eclipse/com.st.stm32cube.ide.mcu.rcp.product_1.15.0_424927651_win32_win32_x86_64/plugins/com.st.stm32cube.ide.mcu.externaltools.gnu-tools-for-stm32.12.3.rel1.win32_1.0.200.202406191623/tools/bin/../lib/gcc/arm-none-eabi/12.3.1/../../../../arm-none-eabi/lib/thumb/v7e-m+fp/hard/crt0.o (exit)
C:/Users/user/.eclipse/com.st.stm32cube.ide.mcu.rcp.product_1.15.0_424927651_win32_win32_x86_64/plugins/com.st.stm32cube.ide.mcu.externaltools.gnu-tools-for-stm32.12.3.rel1.win32_1.0.200.202406191623/tools/bin/../lib/gcc/arm-none-eabi/12.3.1/../../../../arm-none-eabi/lib/thumb/v7e-m+fp/hard\libc_nano.a(libc_a-findfp.o)
                              C:/Users/user/.eclipse/com.st.stm32cube.ide.mcu.rcp.product_1.15.0_424927651_win32_win32_x86_64/plugins/com.st.stm32cube.ide.mcu.externaltools.gnu-tools-for-stm32.12.3.rel1.win32_1.0.200.202406191623/tools/bin/../lib/gcc/arm-none-eabi/12.3.1/../../../../arm-none-eabi/lib/thumb/v7e-m+fp/hard\libc_nano.a(libc_a-exit.o) (__stdio_exit_handler)
C:/Users/user/.eclipse/com.st.stm32cube.ide.mcu.rcp.product_1.15.0_424927651_win32_win32_x86_64/plugins/com.st.stm32cube.ide.mcu.externaltools.gnu-tools-for-stm32.12.3.rel1.win32_1.0.200.202406191623/tools/bin/../lib/gcc/arm-none-eabi/12.3.1/../../../../arm-none-eabi/lib/thumb/v7e-m+fp/hard\libc_nano.a(libc_a-fwalk.o)
                              C:/Users/user/.eclipse/com.st.stm32cube.ide.mcu.rcp.product_1.15.0_424927651_win32_win32_x86_64/plugins/com.st.stm32cube.ide.mcu.externaltools.gnu-tools-for-stm32.12.3.rel1.win32_1.0.200.202406191623/tools/bin/../lib/gcc/arm-none-eabi/12.3.1/../../../../arm-none-eabi/lib/thumb/v7e-m+fp/hard\libc_nano.a(libc_a-findfp.o) (_fwalk_sglue)
C:/Users/user/.eclipse/com.st.stm32cube.ide.mcu.rcp.product_1.15.0_424927651_win32_win32_x86_64/plugins/com.st.stm32cube.ide.mcu.externaltools.gnu-tools-for-stm32.12.3.rel1.win32_1.0.200.202406191623/tools/bin/../lib/gcc/arm-none-eabi/12.3.1/../../../../arm-none-eabi/lib/thumb/v7e-m+fp/hard\libc_nano.a(libc_a-stdio.o)
                              C:/Users/user/.eclipse/com.st.stm32cube.ide.mcu.rcp.product_1.15.0_424927651_win32_win32_x86_64/plugins/com.st.stm32cube.ide.mcu.externaltools.gnu-tools-for-stm32.12.3.rel1.win32_1.0.200.202406191623/tools/bin/../lib/gcc/arm-none-eabi/12.3.1/../../../../arm-none-eabi/lib/thumb/v7e-m+fp/hard\libc_nano.a(libc_a-findfp.o) (__sread)
C:/Users/user/.eclipse/com.st.stm32cube.ide.mcu.rcp.product_1.15.0_424927651_win32_win32_x86_64/plugins/com.st.stm32cube.ide.mcu.externaltools.gnu-tools-for-stm32.12.3.rel1.win32_1.0.200.202406191623/tools/bin/../lib/gcc/arm-none-eabi/12.3.1/../../../../arm-none-eabi/lib/thumb/v7e-m+fp/hard\libc_nano.a(libc_a-memset.o)
                              C:/Users/user/.eclipse/com.st.stm32cube.ide.mcu.rcp.product_1.15.0_424927651_win32_win32_x86_64/plugins/com.st.stm32cube.ide.mcu.externaltools.gnu-tools-for-stm32.12.3.rel1.win32_1.0.200.202406191623/tools/bin/../lib/gcc/arm-none-eabi/12.3.1/../../../../arm-none-eabi/lib/thumb/v7e-m+fp/hard/crt0.o (memset)
C:/Users/user/.eclipse/com.st.stm32cube.ide.mcu.rcp.product_1.15.0_424927651_win32_win32_x86_64/plugins/com.st.stm32cube.ide.mcu.externaltools.gnu-tools-for-stm32.12.3.rel1.win32_1.0.200.202406191623/tools/bin/../lib/gcc/arm-none-eabi/12.3.1/../../../../arm-none-eabi/lib/thumb/v7e-m+fp/hard\libc_nano.a(libc_a-closer.o)
                              C:/Users/user/.eclipse/com.st.stm32cube.ide.mcu.rcp.product_1.15.0_424927651_win32_win32_x86_64/plugins/com.st.stm32cube.ide.mcu.externaltools.gnu-tools-for-stm32.12.3.rel1.win32_1.0.200.202406191623/tools/bin/../lib/gcc/arm-none-eabi/12.3.1/../../../../arm-none-eabi/lib/thumb/v7e-m+fp/hard\libc_nano.a(libc_a-stdio.o) (_close_r)
C:/Users/user/.eclipse/com.st.stm32cube.ide.mcu.rcp.product_1.15.0_424927651_win32_win32_x86_64/plugins/com.st.stm32cube.ide.mcu.externaltools.gnu-tools-for-stm32.12.3.rel1.win32_1.0.200.202406191623/tools/bin/../lib/gcc/arm-none-eabi/12.3.1/../../../../arm-none-eabi/lib/thumb/v7e-m+fp/hard\libc_nano.a(libc_a-reent.o)
                              C:/Users/user/.eclipse/com.st.stm32cube.ide.mcu.rcp.product_1.15.0_424927651_win32_win32_x86_64/plugins/com.st.stm32cube.ide.mcu.externaltools.gnu-tools-for-stm32.12.3.rel1.win32_1.0.200.202406191623/tools/bin/../lib/gcc/arm-none-eabi/12.3.1/../../../../arm-none-eabi/lib/thumb/v7e-m+fp/hard\libc_nano.a(libc_a-closer.o) (errno)
[...]
Memory Configuration

Name             Origin             Length             Attributes
CCMRAM           0x10000000         0x00010000         xrw
RAM              0x20000000         0x00020000         xrw
FLASH            0x08000000         0x00080000         xr
*default*        0x00000000         0xffffffff

Linker script and memory map

LOAD C:/Users/user/.eclipse/com.st.stm32cube.ide.mcu.rcp.product_1.15.0_424927651_win32_win32_x86_64/plugins/com.st.stm32cube.ide.mcu.externaltools.gnu-tools-for-stm32.12.3.rel1.win32_1.0.200.202406191623/tools/bin/../lib/gcc/arm-none-eabi/12.3.1/thumb/v7e-m+fp/hard/crti.o
LOAD C:/Users/user/.eclipse/com.st.stm32cube.ide.mcu.rcp.product_1.15.0_424927651_win32_win32_x86_64/plugins/com.st.stm32cube.ide.mcu.externaltools.gnu-tools-for-stm32.12.3.rel1.win32_1.0.200.202406191623/tools/bin/../lib/gcc/arm-none-eabi/12.3.1/thumb/v7e-m+fp/hard/crtbegin.o
LOAD C:/Users/user/.eclipse/com.st.stm32cube.ide.mcu.rcp.product_1.15.0_424927651_win32_win32_x86_64/plugins/com.st.stm32cube.ide.mcu.externaltools.gnu-tools-for-stm32.12.3.rel1.win32_1.0.200.202406191623/tools/bin/../lib/gcc/arm-none-eabi/12.3.1/../../../../arm-none-eabi/lib/thumb/v7e-m+fp/hard/crt0.o
LOAD ./Core/Src/dma.o
LOAD ./Core/Src/gpio.o
LOAD ./Core/Src/i2c.o
LOAD ./Core/Src/main.o
LOAD ./Core/Src/stm32f4xx_hal_msp.o
LOAD ./Core/Src/stm32f4xx_it.o
LOAD ./Core/Src/syscalls.o
LOAD ./Core/Src/sysmem.o
LOAD ./Core/Src/system_stm32f4xx.o
LOAD ./Core/Src/usart.o
LOAD ./Core/Startup/startup_stm32f407vetx.o
LOAD ./Drivers/STM32F4xx_HAL_Driver/Src/stm32f4xx_hal.o
LOAD ./Drivers/STM32F4xx_HAL_Driver/Src/stm32f4xx_hal_cortex.o
LOAD ./Drivers/STM32F4xx_HAL_Driver/Src/stm32f4xx_hal_dma.o
LOAD ./Drivers/STM32F4xx_HAL_Driver/Src/stm32f4xx_hal_dma_ex.o
LOAD ./Drivers/STM32F4xx_HAL_Driver/Src/stm32f4xx_hal_exti.o
LOAD ./Drivers/STM32F4xx_HAL_Driver/Src/stm32f4xx_hal_flash.o
LOAD ./Drivers/STM32F4xx_HAL_Driver/Src/stm32f4xx_hal_flash_ex.o
LOAD ./Drivers/STM32F4xx_HAL_Driver/Src/stm32f4xx_hal_flash_ramfunc.o
LOAD ./Drivers/STM32F4xx_HAL_Driver/Src/stm32f4xx_hal_gpio.o
LOAD ./Drivers/STM32F4xx_HAL_Driver/Src/stm32f4xx_hal_i2c.o
LOAD ./Drivers/STM32F4xx_HAL_Driver/Src/stm32f4xx_hal_i2c_ex.o
LOAD ./Drivers/STM32F4xx_HAL_Driver/Src/stm32f4xx_hal_pwr.o
LOAD ./Drivers/STM32F4xx_HAL_Driver/Src/stm32f4xx_hal_pwr_ex.o
LOAD ./Drivers/STM32F4xx_HAL_Driver/Src/stm32f4xx_hal_rcc.o
LOAD ./Drivers/STM32F4xx_HAL_Driver/Src/stm32f4xx_hal_rcc_ex.o
LOAD ./Drivers/STM32F4xx_HAL_Driver/Src/stm32f4xx_hal_tim.o
LOAD ./Drivers/STM32F4xx_HAL_Driver/Src/stm32f4xx_hal_tim_ex.o
LOAD ./Drivers/STM32F4xx_HAL_Driver/Src/stm32f4xx_hal_uart.o
START GROUP
LOAD C:/Users/user/.eclipse/com.st.stm32cube.ide.mcu.rcp.product_1.15.0_424927651_win32_win32_x86_64/plugins/com.st.stm32cube.ide.mcu.externaltools.gnu-tools-for-stm32.12.3.rel1.win32_1.0.200.202406191623/tools/bin/../lib/gcc/arm-none-eabi/12.3.1/../../../../arm-none-eabi/lib/thumb/v7e-m+fp/hard\libc_nano.a
LOAD C:/Users/user/.eclipse/com.st.stm32cube.ide.mcu.rcp.product_1.15.0_424927651_win32_win32_x86_64/plugins/com.st.stm32cube.ide.mcu.externaltools.gnu-tools-for-stm32.12.3.rel1.win32_1.0.200.202406191623/tools/bin/../lib/gcc/arm-none-eabi/12.3.1/../../../../arm-none-eabi/lib/thumb/v7e-m+fp/hard\libm.a
END GROUP
START GROUP
LOAD C:/Users/user/.eclipse/com.st.stm32cube.ide.mcu.rcp.product_1.15.0_424927651_win32_win32_x86_64/plugins/com.st.stm32cube.ide.mcu.externaltools.gnu-tools-for-stm32.12.3.rel1.win32_1.0.200.202406191623/tools/bin/../lib/gcc/arm-none-eabi/12.3.1/thumb/v7e-m+fp/hard\libgcc.a
LOAD C:/Users/user/.eclipse/com.st.stm32cube.ide.mcu.rcp.product_1.15.0_424927651_win32_win32_x86_64/plugins/com.st.stm32cube.ide.mcu.externaltools.gnu-tools-for-stm32.12.3.rel1.win32_1.0.200.202406191623/tools/bin/../lib/gcc/arm-none-eabi/12.3.1/../../../../arm-none-eabi/lib/thumb/v7e-m+fp/hard\libc_nano.a
END GROUP
START GROUP
LOAD C:/Users/user/.eclipse/com.st.stm32cube.ide.mcu.rcp.product_1.15.0_424927651_win32_win32_x86_64/plugins/com.st.stm32cube.ide.mcu.externaltools.gnu-tools-for-stm32.12.3.rel1.win32_1.0.200.202406191623/tools/bin/../lib/gcc/arm-none-eabi/12.3.1/thumb/v7e-m+fp/hard\libgcc.a
LOAD C:/Users/user/.eclipse/com.st.stm32cube.ide.mcu.rcp.product_1.15.0_424927651_win32_win32_x86_64/plugins/com.st.stm32cube.ide.mcu.externaltools.gnu-tools-for-stm32.12.3.rel1.win32_1.0.200.202406191623/tools/bin/../lib/gcc/arm-none-eabi/12.3.1/../../../../arm-none-eabi/lib/thumb/v7e-m+fp/hard\libc_nano.a
LOAD C:/Users/user/.eclipse/com.st.stm32cube.ide.mcu.rcp.product_1.15.0_424927651_win32_win32_x86_64/plugins/com.st.stm32cube.ide.mcu.externaltools.gnu-tools-for-stm32.12.3.rel1.win32_1.0.200.202406191623/tools/bin/../lib/gcc/arm-none-eabi/12.3.1/../../../../arm-none-eabi/lib/thumb/v7e-m+fp/hard\libnosys.a
END GROUP
START GROUP
LOAD C:/Users/user/.eclipse/com.st.stm32cube.ide.mcu.rcp.product_1.15.0_424927651_win32_win32_x86_64/plugins/com.st.stm32cube.ide.mcu.externaltools.gnu-tools-for-stm32.12.3.rel1.win32_1.0.200.202406191623/tools/bin/../lib/gcc/arm-none-eabi/12.3.1/thumb/v7e-m+fp/hard\libgcc.a
LOAD C:/Users/user/.eclipse/com.st.stm32cube.ide.mcu.rcp.product_1.15.0_424927651_win32_win32_x86_64/plugins/com.st.stm32cube.ide.mcu.externaltools.gnu-tools-for-stm32.12.3.rel1.win32_1.0.200.202406191623/tools/bin/../lib/gcc/arm-none-eabi/12.3.1/../../../../arm-none-eabi/lib/thumb/v7e-m+fp/hard\libc_nano.a
LOAD C:/Users/user/.eclipse/com.st.stm32cube.ide.mcu.rcp.product_1.15.0_424927651_win32_win32_x86_64/plugins/com.st.stm32cube.ide.mcu.externaltools.gnu-tools-for-stm32.12.3.rel1.win32_1.0.200.202406191623/tools/bin/../lib/gcc/arm-none-eabi/12.3.1/../../../../arm-none-eabi/lib/thumb/v7e-m+fp/hard\libnosys.a
END GROUP
LOAD C:/Users/user/.eclipse/com.st.stm32cube.ide.mcu.rcp.product_1.15.0_424927651_win32_win32_x86_64/plugins/com.st.stm32cube.ide.mcu.externaltools.gnu-tools-for-stm32.12.3.rel1.win32_1.0.200.202406191623/tools/bin/../lib/gcc/arm-none-eabi/12.3.1/thumb/v7e-m+fp/hard/crtend.o
LOAD C:/Users/user/.eclipse/com.st.stm32cube.ide.mcu.rcp.product_1.15.0_424927651_win32_win32_x86_64/plugins/com.st.stm32cube.ide.mcu.externaltools.gnu-tools-for-stm32.12.3.rel1.win32_1.0.200.202406191623/tools/bin/../lib/gcc/arm-none-eabi/12.3.1/thumb/v7e-m+fp/hard/crtn.o
                0x20020000                        _estack = (ORIGIN (RAM) + LENGTH (RAM))
                0x00000200                        _Min_Heap_Size = 0x200
                0x00000400                        _Min_Stack_Size = 0x400

.isr_vector     0x08000000      0x188
                0x08000000                        . = ALIGN (0x4)
 *(.isr_vector)
 .isr_vector    0x08000000      0x188 ./Core/Startup/startup_stm32f407vetx.o
                0x08000000                g_pfnVectors
                0x08000188                        . = ALIGN (0x4)

.text           0x08000188     0x7e20
                0x08000188                        . = ALIGN (0x4)
 *(.text)
 .text          0x08000188       0x40 C:/Users/user/.eclipse/com.st.stm32cube.ide.mcu.rcp.product_1.15.0_424927651_win32_win32_x86_64/plugins/com.st.stm32cube.ide.mcu.externaltools.gnu-tools-for-stm32.12.3.rel1.win32_1.0.200.202406191623/tools/bin/../lib/gcc/arm-none-eabi/12.3.1/thumb/v7e-m+fp/hard/crtbegin.o
 .text          0x080001c8      0x378 C:/Users/user/.eclipse/com.st.stm32cube.ide.mcu.rcp.product_1.15.0_424927651_win32_win32_x86_64/plugins/com.st.stm32cube.ide.mcu.externaltools.gnu-tools-for-stm32.12.3.rel1.win32_1.0.200.202406191623/tools/bin/../lib/gcc/arm-none-eabi/12.3.1/thumb/v7e-m+fp/hard\libgcc.a(_arm_addsubdf3.o)
                0x080001c8                __aeabi_drsub
                0x080001d0                __aeabi_dsub
                0x080001d0                __subdf3
                0x080001d4                __aeabi_dadd
                0x080001d4                __adddf3
                0x0800044c                __floatunsidf
                0x0800044c                __aeabi_ui2d
                0x0800046c                __floatsidf
                0x0800046c                __aeabi_i2d
                0x08000490                __aeabi_f2d
                0x08000490                __extendsfdf2
                0x080004d4                __floatundidf
                0x080004d4                __aeabi_ul2d
                0x080004e4                __floatdidf
                0x080004e4                __aeabi_l2d
 .text          0x08000540      0x424 C:/Users/user/.eclipse/com.st.stm32cube.ide.mcu.rcp.product_1.15.0_424927651_win32_win32_x86_64/plugins/com.st.stm32cube.ide.mcu.externaltools.gnu-tools-for-stm32.12.3.rel1.win32_1.0.200.202406191623/tools/bin/../lib/gcc/arm-none-eabi/12.3.1/thumb/v7e-m+fp/hard\libgcc.a(_arm_muldivdf3.o)
                0x08000540                __aeabi_dmul
                0x08000540                __muldf3
                0x08000794                __divdf3
                0x08000794                __aeabi_ddiv
 .text          0x08000964      0x110 C:/Users/user/.eclipse/com.st.stm32cube.ide.mcu.rcp.product_1.15.0_424927651_win32_win32_x86_64/plugins/com.st.stm32cube.ide.mcu.externaltools.gnu-tools-for-stm32.12.3.rel1.win32_1.0.200.202406191623/tools/bin/../lib/gcc/arm-none-eabi/12.3.1/thumb/v7e-m+fp/hard\libgcc.a(_arm_cmpdf2.o)
                0x08000964                __gtdf2
                0x08000964                __gedf2
                0x0800096c                __ltdf2
                0x0800096c                __ledf2
                0x08000974                __nedf2
                0x08000974                __eqdf2
                0x08000974                __cmpdf2
                0x080009f0                __aeabi_cdrcmple
                0x08000a00                __aeabi_cdcmpeq
                0x08000a00                __aeabi_cdcmple
                0x08000a10                __aeabi_dcmpeq
                0x08000a24                __aeabi_dcmplt
                0x08000a38                __aeabi_dcmple
                0x08000a4c                __aeabi_dcmpge
                0x08000a60                __aeabi_dcmpgt
 .text          0x08000a74       0x2c C:/Users/user/.eclipse/com.st.stm32cube.ide.mcu.rcp.product_1.15.0_424927651_win32_win32_x86_64/plugins/com.st.stm32cube.ide.mcu.externaltools.gnu-tools-for-stm32.12.3.rel1.win32_1.0.200.202406191623/tools/bin/../lib/gcc/arm-none-eabi/12.3.1/thumb/v7e-m+fp/hard\libgcc.a(_arm_unorddf2.o)
                0x08000a74                __unorddf2
                0x08000a74                __aeabi_dcmpun
 .text          0x08000aa0       0xa0 C:/Users/user/.eclipse/com.st.stm32cube.ide.mcu.rcp.product_1.15.0_424927651_win32_win32_x86_64/plugins/com.st.stm32cube.ide.mcu.externaltools.gnu-tools-for-stm32.12.3.rel1.win32_1.0.200.202406191623/tools/bin/../lib/gcc/arm-none-eabi/12.3.1/thumb/v7e-m+fp/hard\libgcc.a(_arm_truncdfsf2.o)
                0x08000aa0                __truncdfsf2
                0x08000aa0                __aeabi_d2f
 .text          0x08000b40       0x30 C:/Users/user/.eclipse/com.st.stm32cube.ide.mcu.rcp.product_1.15.0_424927651_win32_win32_x86_64/plugins/com.st.stm32cube.ide.mcu.externaltools.gnu-tools-for-stm32.12.3.rel1.win32_1.0.200.202406191623/tools/bin/../lib/gcc/arm-none-eabi/12.3.1/thumb/v7e-m+fp/hard\libgcc.a(_aeabi_uldivmod.o)
                0x08000b40                __aeabi_uldivmod
 .text          0x08000b70      0x2bc C:/Users/user/.eclipse/com.st.stm32cube.ide.mcu.rcp.product_1.15.0_424927651_win32_win32_x86_64/plugins/com.st.stm32cube.ide.mcu.externaltools.gnu-tools-for-stm32.12.3.rel1.win32_1.0.200.202406191623/tools/bin/../lib/gcc/arm-none-eabi/12.3.1/thumb/v7e-m+fp/hard\libgcc.a(_udivmoddi4.o)
                0x08000b70                __udivmoddi4
 .text          0x08000e2c        0x4 C:/Users/user/.eclipse/com.st.stm32cube.ide.mcu.rcp.product_1.15.0_424927651_win32_win32_x86_64/plugins/com.st.stm32cube.ide.mcu.externaltools.gnu-tools-for-stm32.12.3.rel1.win32_1.0.200.202406191623/tools/bin/../lib/gcc/arm-none-eabi/12.3.1/thumb/v7e-m+fp/hard\libgcc.a(_dvmd_tls.o)
                0x08000e2c                __aeabi_idiv0
                0x08000e2c                __aeabi_ldiv0
 *(.text*)
 .text.MX_DMA_Init
                0x08000e30       0x50 ./Core/Src/dma.o
                0x08000e30                MX_DMA_Init
 .text.MX_GPIO_Init
                0x08000e80       0x84 ./Core/Src/gpio.o
                0x08000e80                MX_GPIO_Init
 .text.MX_I2C1_Init
                0x08000f04       0x5c ./Core/Src/i2c.o
                0x08000f04                MX_I2C1_Init
 .text.HAL_I2C_MspInit
                0x08000f60       0x90 ./Core/Src/i2c.o
                0x08000f60                HAL_I2C_MspInit
 .text.PCA9685_SetBit
                0x08000ff0       0x94 ./Core/Src/main.o
                0x08000ff0                PCA9685_SetBit
 .text.PCA9685_SetPWMFrequency
                0x08001084       0x7c ./Core/Src/main.o
                0x08001084                PCA9685_SetPWMFrequency
 .text.PCA9685_Init
                0x08001100       0x24 ./Core/Src/main.o
                0x08001100                PCA9685_Init
 .text.PCA9685_SetPWM
                0x08001124       0x64 ./Core/Src/main.o
                0x08001124                PCA9685_SetPWM
 .text.PCA9685_SetServoAngle
                0x08001188       0x8c ./Core/Src/main.o
                0x08001188                PCA9685_SetServoAngle
 .text.HAL_UART_RxCpltCallback
                0x08001214       0x58 ./Core/Src/main.o
                0x08001214                HAL_UART_RxCpltCallback
 .text.HAL_UART_ErrorCallback
                0x0800126c      0x168 ./Core/Src/main.o
                0x0800126c                HAL_UART_ErrorCallback
 *fill*         0x080013d4        0x4 
 .text.getTheta
                0x080013d8      0x310 ./Core/Src/main.o
                0x080013d8                getTheta
 .text.moveTOPS
                0x080016e8      0x114 ./Core/Src/main.o
                0x080016e8                moveTOPS
 .text.step     0x080017fc      0x5bc ./Core/Src/main.o
                0x080017fc                step
 .text.UpdatePosition
                0x08001db8      0x14c ./Core/Src/main.o
                0x08001db8                UpdatePosition
 .text.main     0x08001f04       0x54 ./Core/Src/main.o
                0x08001f04                main
 .text.SystemClock_Config
                0x08001f58       0xd4 ./Core/Src/main.o
                0x08001f58                SystemClock_Config
 .text.Error_Handler
                0x0800202c        0xc ./Core/Src/main.o
                0x0800202c                Error_Handler
 .text.HAL_MspInit
                0x08002038       0x50 ./Core/Src/stm32f4xx_hal_msp.o
                0x08002038                HAL_MspInit
 .text.NMI_Handler
                0x08002088        0x8 ./Core/Src/stm32f4xx_it.o
                0x08002088                NMI_Handler
 .text.HardFault_Handler
                0x08002090        0x8 ./Core/Src/stm32f4xx_it.o
                0x08002090                HardFault_Handler
 .text.MemManage_Handler
                0x08002098        0x8 ./Core/Src/stm32f4xx_it.o
                0x08002098                MemManage_Handler
 .text.BusFault_Handler
                0x080020a0        0x8 ./Core/Src/stm32f4xx_it.o
                0x080020a0                BusFault_Handler
 .text.UsageFault_Handler
                0x080020a8        0x8 ./Core/Src/stm32f4xx_it.o
                0x080020a8                UsageFault_Handler
 .text.SVC_Handler
                0x080020b0        0xe ./Core/Src/stm32f4xx_it.o
                0x080020b0                SVC_Handler
 .text.DebugMon_Handler
                0x080020be        0xe ./Core/Src/stm32f4xx_it.o
                0x080020be                DebugMon_Handler
 .text.PendSV_Handler
                0x080020cc        0xe ./Core/Src/stm32f4xx_it.o
                0x080020cc                PendSV_Handler
 .text.SysTick_Handler
                0x080020da        0xc ./Core/Src/stm32f4xx_it.o
                0x080020da                SysTick_Handler
 *fill*         0x080020e6        0x2 
 .text.USART1_IRQHandler
                0x080020e8       0x14 ./Core/Src/stm32f4xx_it.o
                0x080020e8                USART1_IRQHandler
 .text.DMA2_Stream2_IRQHandler
                0x080020fc       0x14 ./Core/Src/stm32f4xx_it.o
                0x080020fc                DMA2_Stream2_IRQHandler
 .text.DMA2_Stream7_IRQHandler
                0x08002110       0x14 ./Core/Src/stm32f4xx_it.o
                0x08002110                DMA2_Stream7_IRQHandler
 .text.SystemInit
                0x08002124       0x24 ./Core/Src/system_stm32f4xx.o
                0x08002124                SystemInit
 .text.MX_USART1_UART_Init
                0x08002148       0x54 ./Core/Src/usart.o
                0x08002148                MX_USART1_UART_Init
 .text.HAL_UART_MspInit
                0x0800219c      0x16c ./Core/Src/usart.o
                0x0800219c                HAL_UART_MspInit
 .text.Reset_Handler
                0x08002308       0x50 ./Core/Startup/startup_stm32f407vetx.o
                0x08002308                Reset_Handler
 .text.Default_Handler
                0x08002358        0x2 ./Core/Startup/startup_stm32f407vetx.o
                0x08002358                RTC_Alarm_IRQHandler
                0x08002358                HASH_RNG_IRQHandler
                0x08002358                EXTI2_IRQHandler
                0x08002358                TIM8_CC_IRQHandler
                0x08002358                TIM1_CC_IRQHandler
                0x08002358                DMA2_Stream5_IRQHandler
                0x08002358                DMA1_Stream5_IRQHandler
                0x08002358                PVD_IRQHandler
                0x08002358                SDIO_IRQHandler
                0x08002358                TAMP_STAMP_IRQHandler
                0x08002358                CAN2_RX1_IRQHandler
                0x08002358                EXTI3_IRQHandler
                0x08002358                TIM8_TRG_COM_TIM14_IRQHandler
                0x08002358                TIM1_UP_TIM10_IRQHandler
                0x08002358                TIM8_UP_TIM13_IRQHandler
                0x08002358                I2C3_ER_IRQHandler
                0x08002358                EXTI0_IRQHandler
                0x08002358                I2C2_EV_IRQHandler
                0x08002358                DMA1_Stream2_IRQHandler
                0x08002358                CAN1_RX0_IRQHandler
                0x08002358                FPU_IRQHandler
                0x08002358                OTG_HS_WKUP_IRQHandler
                0x08002358                CAN2_SCE_IRQHandler
                0x08002358                SPI1_IRQHandler
                0x08002358                TIM6_DAC_IRQHandler
                0x08002358                TIM1_BRK_TIM9_IRQHandler
                0x08002358                DCMI_IRQHandler
                0x08002358                CAN2_RX0_IRQHandler
                0x08002358                DMA2_Stream3_IRQHandler
                0x08002358                USART6_IRQHandler
                0x08002358                USART3_IRQHandler
                0x08002358                CAN1_RX1_IRQHandler
                0x08002358                UART5_IRQHandler
                0x08002358                DMA2_Stream0_IRQHandler
                0x08002358                TIM4_IRQHandler
                0x08002358                I2C1_EV_IRQHandler
                0x08002358                DMA1_Stream6_IRQHandler
                0x08002358                DMA1_Stream1_IRQHandler
                0x08002358                UART4_IRQHandler
                0x08002358                TIM3_IRQHandler
                0x08002358                RCC_IRQHandler
                0x08002358                TIM8_BRK_TIM12_IRQHandler
                0x08002358                Default_Handler
                0x08002358                EXTI15_10_IRQHandler
                0x08002358                ADC_IRQHandler
                0x08002358                DMA1_Stream7_IRQHandler
                0x08002358                TIM7_IRQHandler
                0x08002358                CAN2_TX_IRQHandler
                0x08002358                TIM5_IRQHandler
                0x08002358                I2C3_EV_IRQHandler
                0x08002358                EXTI9_5_IRQHandler
                0x08002358                RTC_WKUP_IRQHandler
                0x08002358                ETH_WKUP_IRQHandler
                0x08002358                SPI2_IRQHandler
                0x08002358                OTG_HS_EP1_IN_IRQHandler
                0x08002358                DMA1_Stream0_IRQHandler
                0x08002358                CAN1_TX_IRQHandler
                0x08002358                EXTI4_IRQHandler
                0x08002358                FSMC_IRQHandler
                0x08002358                ETH_IRQHandler
                0x08002358                OTG_HS_EP1_OUT_IRQHandler
                0x08002358                WWDG_IRQHandler
                0x08002358                TIM2_IRQHandler
                0x08002358                OTG_FS_WKUP_IRQHandler
                0x08002358                TIM1_TRG_COM_TIM11_IRQHandler
                0x08002358                OTG_HS_IRQHandler
                0x08002358                EXTI1_IRQHandler
                0x08002358                USART2_IRQHandler
                0x08002358                I2C2_ER_IRQHandler
                0x08002358                DMA2_Stream1_IRQHandler
                0x08002358                CAN1_SCE_IRQHandler
                0x08002358                FLASH_IRQHandler
                0x08002358                DMA2_Stream4_IRQHandler
                0x08002358                OTG_FS_IRQHandler
                0x08002358                SPI3_IRQHandler
                0x08002358                DMA1_Stream4_IRQHandler
                0x08002358                I2C1_ER_IRQHandler
                0x08002358                DMA2_Stream6_IRQHandler
                0x08002358                DMA1_Stream3_IRQHandler
 *fill*         0x0800235a        0x2 
 .text.HAL_Init
                0x0800235c       0x44 ./Drivers/STM32F4xx_HAL_Driver/Src/stm32f4xx_hal.o
                0x0800235c                HAL_Init
 .text.HAL_InitTick
                0x080023a0       0x60 ./Drivers/STM32F4xx_HAL_Driver/Src/stm32f4xx_hal.o
                0x080023a0                HAL_InitTick
 .text.HAL_IncTick
                0x08002400       0x28 ./Drivers/STM32F4xx_HAL_Driver/Src/stm32f4xx_hal.o
                0x08002400                HAL_IncTick
 .text.HAL_GetTick
                0x08002428       0x18 ./Drivers/STM32F4xx_HAL_Driver/Src/stm32f4xx_hal.o
                0x08002428                HAL_GetTick
 .text.HAL_Delay
                0x08002440       0x48 ./Drivers/STM32F4xx_HAL_Driver/Src/stm32f4xx_hal.o
                0x08002440                HAL_Delay
 .text.__NVIC_SetPriorityGrouping
                0x08002488       0x48 ./Drivers/STM32F4xx_HAL_Driver/Src/stm32f4xx_hal_cortex.o
 .text.__NVIC_GetPriorityGrouping
                0x080024d0       0x1c ./Drivers/STM32F4xx_HAL_Driver/Src/stm32f4xx_hal_cortex.o
 .text.__NVIC_EnableIRQ
                0x080024ec       0x3c ./Drivers/STM32F4xx_HAL_Driver/Src/stm32f4xx_hal_cortex.o
 .text.__NVIC_SetPriority
                0x08002528       0x54 ./Drivers/STM32F4xx_HAL_Driver/Src/stm32f4xx_hal_cortex.o
 .text.NVIC_EncodePriority
                0x0800257c       0x66 ./Drivers/STM32F4xx_HAL_Driver/Src/stm32f4xx_hal_cortex.o
 *fill*         0x080025e2        0x2 
 .text.SysTick_Config
                0x080025e4       0x44 ./Drivers/STM32F4xx_HAL_Driver/Src/stm32f4xx_hal_cortex.o
 .text.HAL_NVIC_SetPriorityGrouping
                0x08002628       0x16 ./Drivers/STM32F4xx_HAL_Driver/Src/stm32f4xx_hal_cortex.o
                0x08002628                HAL_NVIC_SetPriorityGrouping
 .text.HAL_NVIC_SetPriority
                0x0800263e       0x38 ./Drivers/STM32F4xx_HAL_Driver/Src/stm32f4xx_hal_cortex.o
                0x0800263e                HAL_NVIC_SetPriority
 .text.HAL_NVIC_EnableIRQ
                0x08002676       0x1c ./Drivers/STM32F4xx_HAL_Driver/Src/stm32f4xx_hal_cortex.o
                0x08002676                HAL_NVIC_EnableIRQ
 .text.HAL_SYSTICK_Config
                0x08002692       0x18 ./Drivers/STM32F4xx_HAL_Driver/Src/stm32f4xx_hal_cortex.o
                0x08002692                HAL_SYSTICK_Config
 *fill*         0x080026aa        0x2 
 .text.HAL_DMA_Init
                0x080026ac      0x15c ./Drivers/STM32F4xx_HAL_Driver/Src/stm32f4xx_hal_dma.o
                0x080026ac                HAL_DMA_Init
 .text.HAL_DMA_Start_IT
                0x08002808       0xb0 ./Drivers/STM32F4xx_HAL_Driver/Src/stm32f4xx_hal_dma.o
                0x08002808                HAL_DMA_Start_IT
 .text.HAL_DMA_Abort
                0x080028b8       0xe0 ./Drivers/STM32F4xx_HAL_Driver/Src/stm32f4xx_hal_dma.o
                0x080028b8                HAL_DMA_Abort
 .text.HAL_DMA_Abort_IT
                0x08002998       0x44 ./Drivers/STM32F4xx_HAL_Driver/Src/stm32f4xx_hal_dma.o
                0x08002998                HAL_DMA_Abort_IT
 .text.HAL_DMA_IRQHandler
                0x080029dc      0x314 ./Drivers/STM32F4xx_HAL_Driver/Src/stm32f4xx_hal_dma.o
                0x080029dc                HAL_DMA_IRQHandler
 .text.HAL_DMA_GetError
                0x08002cf0       0x18 ./Drivers/STM32F4xx_HAL_Driver/Src/stm32f4xx_hal_dma.o
                0x08002cf0                HAL_DMA_GetError
 .text.DMA_SetConfig
                0x08002d08       0x5c ./Drivers/STM32F4xx_HAL_Driver/Src/stm32f4xx_hal_dma.o
 .text.DMA_CalcBaseAndBitshift
                0x08002d64       0x6c ./Drivers/STM32F4xx_HAL_Driver/Src/stm32f4xx_hal_dma.o
 .text.DMA_CheckFifoParam
                0x08002dd0       0xf8 ./Drivers/STM32F4xx_HAL_Driver/Src/stm32f4xx_hal_dma.o
 .text.HAL_GPIO_Init
                0x08002ec8      0x338 ./Drivers/STM32F4xx_HAL_Driver/Src/stm32f4xx_hal_gpio.o
                0x08002ec8                HAL_GPIO_Init
 .text.HAL_GPIO_WritePin
                0x08003200       0x32 ./Drivers/STM32F4xx_HAL_Driver/Src/stm32f4xx_hal_gpio.o
                0x08003200                HAL_GPIO_WritePin
 *fill*         0x08003232        0x2 
 .text.HAL_I2C_Init
                0x08003234      0x288 ./Drivers/STM32F4xx_HAL_Driver/Src/stm32f4xx_hal_i2c.o
                0x08003234                HAL_I2C_Init
 .text.HAL_I2C_Mem_Write
                0x080034bc      0x1f4 ./Drivers/STM32F4xx_HAL_Driver/Src/stm32f4xx_hal_i2c.o
                0x080034bc                HAL_I2C_Mem_Write
 .text.HAL_I2C_Mem_Read
                0x080036b0      0x464 ./Drivers/STM32F4xx_HAL_Driver/Src/stm32f4xx_hal_i2c.o
                0x080036b0                HAL_I2C_Mem_Read
 .text.I2C_RequestMemoryWrite
                0x08003b14      0x12c ./Drivers/STM32F4xx_HAL_Driver/Src/stm32f4xx_hal_i2c.o
 .text.I2C_RequestMemoryRead
                0x08003c40      0x1d0 ./Drivers/STM32F4xx_HAL_Driver/Src/stm32f4xx_hal_i2c.o
 .text.I2C_WaitOnFlagUntilTimeout
                0x08003e10       0xf4 ./Drivers/STM32F4xx_HAL_Driver/Src/stm32f4xx_hal_i2c.o
 .text.I2C_WaitOnMasterAddressFlagUntilTimeout
                0x08003f04      0x140 ./Drivers/STM32F4xx_HAL_Driver/Src/stm32f4xx_hal_i2c.o
 .text.I2C_WaitOnTXEFlagUntilTimeout
                0x08004044       0x90 ./Drivers/STM32F4xx_HAL_Driver/Src/stm32f4xx_hal_i2c.o
 .text.I2C_WaitOnBTFFlagUntilTimeout
                0x080040d4       0x90 ./Drivers/STM32F4xx_HAL_Driver/Src/stm32f4xx_hal_i2c.o
 .text.I2C_WaitOnRXNEFlagUntilTimeout
                0x08004164       0xba ./Drivers/STM32F4xx_HAL_Driver/Src/stm32f4xx_hal_i2c.o
 .text.I2C_IsAcknowledgeFailed
                0x0800421e       0x5e ./Drivers/STM32F4xx_HAL_Driver/Src/stm32f4xx_hal_i2c.o
 .text.HAL_RCC_OscConfig
                0x0800427c      0x4f0 ./Drivers/STM32F4xx_HAL_Driver/Src/stm32f4xx_hal_rcc.o
                0x0800427c                HAL_RCC_OscConfig
 .text.HAL_RCC_ClockConfig
                0x0800476c      0x1cc ./Drivers/STM32F4xx_HAL_Driver/Src/stm32f4xx_hal_rcc.o
                0x0800476c                HAL_RCC_ClockConfig
 .text.HAL_RCC_GetSysClockFreq
                0x08004938      0x18c ./Drivers/STM32F4xx_HAL_Driver/Src/stm32f4xx_hal_rcc.o
                0x08004938                HAL_RCC_GetSysClockFreq
 .text.HAL_RCC_GetHCLKFreq
                0x08004ac4       0x18 ./Drivers/STM32F4xx_HAL_Driver/Src/stm32f4xx_hal_rcc.o
                0x08004ac4                HAL_RCC_GetHCLKFreq
 .text.HAL_RCC_GetPCLK1Freq
                0x08004adc       0x28 ./Drivers/STM32F4xx_HAL_Driver/Src/stm32f4xx_hal_rcc.o
                0x08004adc                HAL_RCC_GetPCLK1Freq
 .text.HAL_RCC_GetPCLK2Freq
                0x08004b04       0x28 ./Drivers/STM32F4xx_HAL_Driver/Src/stm32f4xx_hal_rcc.o
                0x08004b04                HAL_RCC_GetPCLK2Freq
 .text.HAL_UART_Init
                0x08004b2c       0xa0 ./Drivers/STM32F4xx_HAL_Driver/Src/stm32f4xx_hal_uart.o
                0x08004b2c                HAL_UART_Init
 .text.HAL_UART_Transmit
                0x08004bcc      0x116 ./Drivers/STM32F4xx_HAL_Driver/Src/stm32f4xx_hal_uart.o
                0x08004bcc                HAL_UART_Transmit
 .text.HAL_UART_Receive_DMA
                0x08004ce2       0x4a ./Drivers/STM32F4xx_HAL_Driver/Src/stm32f4xx_hal_uart.o
                0x08004ce2                HAL_UART_Receive_DMA
 .text.HAL_UART_AbortReceive
                0x08004d2c      0x146 ./Drivers/STM32F4xx_HAL_Driver/Src/stm32f4xx_hal_uart.o
                0x08004d2c                HAL_UART_AbortReceive
 *fill*         0x08004e72        0x2 
 .text.HAL_UART_Abort_IT
                0x08004e74      0x228 ./Drivers/STM32F4xx_HAL_Driver/Src/stm32f4xx_hal_uart.o
                0x08004e74                HAL_UART_Abort_IT
 .text.HAL_UART_IRQHandler
                0x0800509c      0x524 ./Drivers/STM32F4xx_HAL_Driver/Src/stm32f4xx_hal_uart.o
                0x0800509c                HAL_UART_IRQHandler
 .text.HAL_UART_TxCpltCallback
                0x080055c0       0x14 ./Drivers/STM32F4xx_HAL_Driver/Src/stm32f4xx_hal_uart.o
                0x080055c0                HAL_UART_TxCpltCallback
 .text.HAL_UART_RxHalfCpltCallback
                0x080055d4       0x14 ./Drivers/STM32F4xx_HAL_Driver/Src/stm32f4xx_hal_uart.o
                0x080055d4                HAL_UART_RxHalfCpltCallback
 .text.HAL_UART_AbortCpltCallback
                0x080055e8       0x14 ./Drivers/STM32F4xx_HAL_Driver/Src/stm32f4xx_hal_uart.o
                0x080055e8                HAL_UART_AbortCpltCallback
 .text.HAL_UARTEx_RxEventCallback
                0x080055fc       0x18 ./Drivers/STM32F4xx_HAL_Driver/Src/stm32f4xx_hal_uart.o
                0x080055fc                HAL_UARTEx_RxEventCallback
 .text.HAL_UART_GetError
                0x08005614       0x18 ./Drivers/STM32F4xx_HAL_Driver/Src/stm32f4xx_hal_uart.o
                0x08005614                HAL_UART_GetError
 .text.UART_DMAReceiveCplt
                0x0800562c      0x12c ./Drivers/STM32F4xx_HAL_Driver/Src/stm32f4xx_hal_uart.o
 .text.UART_DMARxHalfCplt
                0x08005758       0x3c ./Drivers/STM32F4xx_HAL_Driver/Src/stm32f4xx_hal_uart.o
 .text.UART_DMAError
                0x08005794       0x94 ./Drivers/STM32F4xx_HAL_Driver/Src/stm32f4xx_hal_uart.o
 .text.UART_WaitOnFlagUntilTimeout
                0x08005828       0xb2 ./Drivers/STM32F4xx_HAL_Driver/Src/stm32f4xx_hal_uart.o
 *fill*         0x080058da        0x2 
 .text.UART_Start_Receive_DMA
                0x080058dc      0x134 ./Drivers/STM32F4xx_HAL_Driver/Src/stm32f4xx_hal_uart.o
                0x080058dc                UART_Start_Receive_DMA
 .text.UART_EndTxTransfer
                0x08005a10       0x50 ./Drivers/STM32F4xx_HAL_Driver/Src/stm32f4xx_hal_uart.o
 .text.UART_EndRxTransfer
                0x08005a60       0xc6 ./Drivers/STM32F4xx_HAL_Driver/Src/stm32f4xx_hal_uart.o
 .text.UART_DMAAbortOnError
                0x08005b26       0x28 ./Drivers/STM32F4xx_HAL_Driver/Src/stm32f4xx_hal_uart.o
 .text.UART_DMATxAbortCallback
                0x08005b4e       0x60 ./Drivers/STM32F4xx_HAL_Driver/Src/stm32f4xx_hal_uart.o
 .text.UART_DMARxAbortCallback
                0x08005bae       0x60 ./Drivers/STM32F4xx_HAL_Driver/Src/stm32f4xx_hal_uart.o
 .text.UART_Transmit_IT
                0x08005c0e       0xa0 ./Drivers/STM32F4xx_HAL_Driver/Src/stm32f4xx_hal_uart.o
 .text.UART_EndTransmit_IT
                0x08005cae       0x30 ./Drivers/STM32F4xx_HAL_Driver/Src/stm32f4xx_hal_uart.o
 .text.UART_Receive_IT
                0x08005cde      0x17c ./Drivers/STM32F4xx_HAL_Driver/Src/stm32f4xx_hal_uart.o
 *fill*         0x08005e5a        0x2 
 .text.UART_SetConfig
                0x08005e5c      0x4e8 ./Drivers/STM32F4xx_HAL_Driver/Src/stm32f4xx_hal_uart.o
 .text.memset   0x08006344       0x10 C:/Users/user/.eclipse/com.st.stm32cube.ide.mcu.rcp.product_1.15.0_424927651_win32_win32_x86_64/plugins/com.st.stm32cube.ide.mcu.externaltools.gnu-tools-for-stm32.12.3.rel1.win32_1.0.200.202406191623/tools/bin/../lib/gcc/arm-none-eabi/12.3.1/../../../../arm-none-eabi/lib/thumb/v7e-m+fp/hard\libc_nano.a(libc_a-memset.o)
                0x08006344                memset
 .text.__errno  0x08006354        0xc C:/Users/user/.eclipse/com.st.stm32cube.ide.mcu.rcp.product_1.15.0_424927651_win32_win32_x86_64/plugins/com.st.stm32cube.ide.mcu.externaltools.gnu-tools-for-stm32.12.3.rel1.win32_1.0.200.202406191623/tools/bin/../lib/gcc/arm-none-eabi/12.3.1/../../../../arm-none-eabi/lib/thumb/v7e-m+fp/hard\libc_nano.a(libc_a-errno.o)
                0x08006354                __errno
 .text.__libc_init_array
                0x08006360       0x48 C:/Users/user/.eclipse/com.st.stm32cube.ide.mcu.rcp.product_1.15.0_424927651_win32_win32_x86_64/plugins/com.st.stm32cube.ide.mcu.externaltools.gnu-tools-for-stm32.12.3.rel1.win32_1.0.200.202406191623/tools/bin/../lib/gcc/arm-none-eabi/12.3.1/../../../../arm-none-eabi/lib/thumb/v7e-m+fp/hard\libc_nano.a(libc_a-init.o)
                0x08006360                __libc_init_array
 .text.acos     0x080063a8       0x68 C:/Users/user/.eclipse/com.st.stm32cube.ide.mcu.rcp.product_1.15.0_424927651_win32_win32_x86_64/plugins/com.st.stm32cube.ide.mcu.externaltools.gnu-tools-for-stm32.12.3.rel1.win32_1.0.200.202406191623/tools/bin/../lib/gcc/arm-none-eabi/12.3.1/../../../../arm-none-eabi/lib/thumb/v7e-m+fp/hard\libm.a(libm_a-w_acos.o)
                0x080063a8                acos
 .text.asin     0x08006410       0x68 C:/Users/user/.eclipse/com.st.stm32cube.ide.mcu.rcp.product_1.15.0_424927651_win32_win32_x86_64/plugins/com.st.stm32cube.ide.mcu.externaltools.gnu-tools-for-stm32.12.3.rel1.win32_1.0.200.202406191623/tools/bin/../lib/gcc/arm-none-eabi/12.3.1/../../../../arm-none-eabi/lib/thumb/v7e-m+fp/hard\libm.a(libm_a-w_asin.o)
                0x08006410                asin
 .text.pow      0x08006478       0xe0 C:/Users/user/.eclipse/com.st.stm32cube.ide.mcu.rcp.product_1.15.0_424927651_win32_win32_x86_64/plugins/com.st.stm32cube.ide.mcu.externaltools.gnu-tools-for-stm32.12.3.rel1.win32_1.0.200.202406191623/tools/bin/../lib/gcc/arm-none-eabi/12.3.1/../../../../arm-none-eabi/lib/thumb/v7e-m+fp/hard\libm.a(libm_a-w_pow.o)
                0x08006478                pow
 .text.sqrt     0x08006558       0x58 C:/Users/user/.eclipse/com.st.stm32cube.ide.mcu.rcp.product_1.15.0_424927651_win32_win32_x86_64/plugins/com.st.stm32cube.ide.mcu.externaltools.gnu-tools-for-stm32.12.3.rel1.win32_1.0.200.202406191623/tools/bin/../lib/gcc/arm-none-eabi/12.3.1/../../../../arm-none-eabi/lib/thumb/v7e-m+fp/hard\libm.a(libm_a-w_sqrt.o)
                0x08006558                sqrt
 .text.atan     0x080065b0      0x330 C:/Users/user/.eclipse/com.st.stm32cube.ide.mcu.rcp.product_1.15.0_424927651_win32_win32_x86_64/plugins/com.st.stm32cube.ide.mcu.externaltools.gnu-tools-for-stm32.12.3.rel1.win32_1.0.200.202406191623/tools/bin/../lib/gcc/arm-none-eabi/12.3.1/../../../../arm-none-eabi/lib/thumb/v7e-m+fp/hard\libm.a(libm_a-s_atan.o)
                0x080065b0                atan
 .text.fabs     0x080068e0       0x10 C:/Users/user/.eclipse/com.st.stm32cube.ide.mcu.rcp.product_1.15.0_424927651_win32_win32_x86_64/plugins/com.st.stm32cube.ide.mcu.externaltools.gnu-tools-for-stm32.12.3.rel1.win32_1.0.200.202406191623/tools/bin/../lib/gcc/arm-none-eabi/12.3.1/../../../../arm-none-eabi/lib/thumb/v7e-m+fp/hard\libm.a(libm_a-s_fabs.o)
                0x080068e0                fabs
 .text.finite   0x080068f0       0x16 C:/Users/user/.eclipse/com.st.stm32cube.ide.mcu.rcp.product_1.15.0_424927651_win32_win32_x86_64/plugins/com.st.stm32cube.ide.mcu.externaltools.gnu-tools-for-stm32.12.3.rel1.win32_1.0.200.202406191623/tools/bin/../lib/gcc/arm-none-eabi/12.3.1/../../../../arm-none-eabi/lib/thumb/v7e-m+fp/hard\libm.a(libm_a-s_finite.o)
                0x080068f0                finite
 *fill*         0x08006906        0x2 
 .text.nan      0x08006908       0x10 C:/Users/user/.eclipse/com.st.stm32cube.ide.mcu.rcp.product_1.15.0_424927651_win32_win32_x86_64/plugins/com.st.stm32cube.ide.mcu.externaltools.gnu-tools-for-stm32.12.3.rel1.win32_1.0.200.202406191623/tools/bin/../lib/gcc/arm-none-eabi/12.3.1/../../../../arm-none-eabi/lib/thumb/v7e-m+fp/hard\libm.a(libm_a-s_nan.o)
                0x08006908                nan
 .text.__ieee754_sqrt
                0x08006918      0x1b4 C:/Users/user/.eclipse/com.st.stm32cube.ide.mcu.rcp.product_1.15.0_424927651_win32_win32_x86_64/plugins/com.st.stm32cube.ide.mcu.externaltools.gnu-tools-for-stm32.12.3.rel1.win32_1.0.200.202406191623/tools/bin/../lib/gcc/arm-none-eabi/12.3.1/../../../../arm-none-eabi/lib/thumb/v7e-m+fp/hard\libm.a(libm_a-e_sqrt.o)
                0x08006918                __ieee754_sqrt
 *fill*         0x08006acc        0x4 
 .text.__ieee754_acos
                0x08006ad0      0x4b8 C:/Users/user/.eclipse/com.st.stm32cube.ide.mcu.rcp.product_1.15.0_424927651_win32_win32_x86_64/plugins/com.st.stm32cube.ide.mcu.externaltools.gnu-tools-for-stm32.12.3.rel1.win32_1.0.200.202406191623/tools/bin/../lib/gcc/arm-none-eabi/12.3.1/../../../../arm-none-eabi/lib/thumb/v7e-m+fp/hard\libm.a(libm_a-e_acos.o)
                0x08006ad0                __ieee754_acos
 .text.__ieee754_asin
                0x08006f88      0x408 C:/Users/user/.eclipse/com.st.stm32cube.ide.mcu.rcp.product_1.15.0_424927651_win32_win32_x86_64/plugins/com.st.stm32cube.ide.mcu.externaltools.gnu-tools-for-stm32.12.3.rel1.win32_1.0.200.202406191623/tools/bin/../lib/gcc/arm-none-eabi/12.3.1/../../../../arm-none-eabi/lib/thumb/v7e-m+fp/hard\libm.a(libm_a-e_asin.o)
                0x08006f88                __ieee754_asin
 .text.__ieee754_pow
                0x08007390      0xa88 C:/Users/user/.eclipse/com.st.stm32cube.ide.mcu.rcp.product_1.15.0_424927651_win32_win32_x86_64/plugins/com.st.stm32cube.ide.mcu.externaltools.gnu-tools-for-stm32.12.3.rel1.win32_1.0.200.202406191623/tools/bin/../lib/gcc/arm-none-eabi/12.3.1/../../../../arm-none-eabi/lib/thumb/v7e-m+fp/hard\libm.a(libm_a-e_pow.o)
                0x08007390                __ieee754_pow
 .text.scalbn   0x08007e18       0xfc C:/Users/user/.eclipse/com.st.stm32cube.ide.mcu.rcp.product_1.15.0_424927651_win32_win32_x86_64/plugins/com.st.stm32cube.ide.mcu.externaltools.gnu-tools-for-stm32.12.3.rel1.win32_1.0.200.202406191623/tools/bin/../lib/gcc/arm-none-eabi/12.3.1/../../../../arm-none-eabi/lib/thumb/v7e-m+fp/hard\libm.a(libm_a-s_scalbn.o)
                0x08007e18                scalbn
 .text.with_errno
                0x08007f14       0x24 C:/Users/user/.eclipse/com.st.stm32cube.ide.mcu.rcp.product_1.15.0_424927651_win32_win32_x86_64/plugins/com.st.stm32cube.ide.mcu.externaltools.gnu-tools-for-stm32.12.3.rel1.win32_1.0.200.202406191623/tools/bin/../lib/gcc/arm-none-eabi/12.3.1/../../../../arm-none-eabi/lib/thumb/v7e-m+fp/hard\libm.a(libm_a-math_err.o)
 .text.xflow    0x08007f38       0x32 C:/Users/user/.eclipse/com.st.stm32cube.ide.mcu.rcp.product_1.15.0_424927651_win32_win32_x86_64/plugins/com.st.stm32cube.ide.mcu.externaltools.gnu-tools-for-stm32.12.3.rel1.win32_1.0.200.202406191623/tools/bin/../lib/gcc/arm-none-eabi/12.3.1/../../../../arm-none-eabi/lib/thumb/v7e-m+fp/hard\libm.a(libm_a-math_err.o)
 *fill*         0x08007f6a        0x6 
 .text.__math_uflow
                0x08007f70       0x10 C:/Users/user/.eclipse/com.st.stm32cube.ide.mcu.rcp.product_1.15.0_424927651_win32_win32_x86_64/plugins/com.st.stm32cube.ide.mcu.externaltools.gnu-tools-for-stm32.12.3.rel1.win32_1.0.200.202406191623/tools/bin/../lib/gcc/arm-none-eabi/12.3.1/../../../../arm-none-eabi/lib/thumb/v7e-m+fp/hard\libm.a(libm_a-math_err.o)
                0x08007f70                __math_uflow
 .text.__math_oflow
                0x08007f80       0x10 C:/Users/user/.eclipse/com.st.stm32cube.ide.mcu.rcp.product_1.15.0_424927651_win32_win32_x86_64/plugins/com.st.stm32cube.ide.mcu.externaltools.gnu-tools-for-stm32.12.3.rel1.win32_1.0.200.202406191623/tools/bin/../lib/gcc/arm-none-eabi/12.3.1/../../../../arm-none-eabi/lib/thumb/v7e-m+fp/hard\libm.a(libm_a-math_err.o)
                0x08007f80                __math_oflow
 *(.glue_7)
 .glue_7        0x08007f90        0x0 linker stubs
 *(.glue_7t)
 .glue_7t       0x08007f90        0x0 linker stubs
 *(.eh_frame)
 .eh_frame      0x08007f90        0x0 C:/Users/user/.eclipse/com.st.stm32cube.ide.mcu.rcp.product_1.15.0_424927651_win32_win32_x86_64/plugins/com.st.stm32cube.ide.mcu.externaltools.gnu-tools-for-stm32.12.3.rel1.win32_1.0.200.202406191623/tools/bin/../lib/gcc/arm-none-eabi/12.3.1/thumb/v7e-m+fp/hard/crtbegin.o
 *(.init)
 .init          0x08007f90        0x4 C:/Users/user/.eclipse/com.st.stm32cube.ide.mcu.rcp.product_1.15.0_424927651_win32_win32_x86_64/plugins/com.st.stm32cube.ide.mcu.externaltools.gnu-tools-for-stm32.12.3.rel1.win32_1.0.200.202406191623/tools/bin/../lib/gcc/arm-none-eabi/12.3.1/thumb/v7e-m+fp/hard/crti.o
                0x08007f90                _init
 .init          0x08007f94        0x8 C:/Users/user/.eclipse/com.st.stm32cube.ide.mcu.rcp.product_1.15.0_424927651_win32_win32_x86_64/plugins/com.st.stm32cube.ide.mcu.externaltools.gnu-tools-for-stm32.12.3.rel1.win32_1.0.200.202406191623/tools/bin/../lib/gcc/arm-none-eabi/12.3.1/thumb/v7e-m+fp/hard/crtn.o
 *(.fini)
 .fini          0x08007f9c        0x4 C:/Users/user/.eclipse/com.st.stm32cube.ide.mcu.rcp.product_1.15.0_424927651_win32_win32_x86_64/plugins/com.st.stm32cube.ide.mcu.externaltools.gnu-tools-for-stm32.12.3.rel1.win32_1.0.200.202406191623/tools/bin/../lib/gcc/arm-none-eabi/12.3.1/thumb/v7e-m+fp/hard/crti.o
                0x08007f9c                _fini
 .fini          0x08007fa0        0x8 C:/Users/user/.eclipse/com.st.stm32cube.ide.mcu.rcp.product_1.15.0_424927651_win32_win32_x86_64/plugins/com.st.stm32cube.ide.mcu.externaltools.gnu-tools-for-stm32.12.3.rel1.win32_1.0.200.202406191623/tools/bin/../lib/gcc/arm-none-eabi/12.3.1/thumb/v7e-m+fp/hard/crtn.o
                0x08007fa8                        . = ALIGN (0x4)
                0x08007fa8                        _etext = .

.vfp11_veneer   0x08007fa8        0x0
 .vfp11_veneer  0x08007fa8        0x0 linker stubs

.v4_bx          0x08007fa8        0x0
 .v4_bx         0x08007fa8        0x0 linker stubs

.iplt           0x08007fa8        0x0
 .iplt          0x08007fa8        0x0 C:/Users/user/.eclipse/com.st.stm32cube.ide.mcu.rcp.product_1.15.0_424927651_win32_win32_x86_64/plugins/com.st.stm32cube.ide.mcu.externaltools.gnu-tools-for-stm32.12.3.rel1.win32_1.0.200.202406191623/tools/bin/../lib/gcc/arm-none-eabi/12.3.1/thumb/v7e-m+fp/hard/crtbegin.o

.rodata         0x08007fa8      0x170
                0x08007fa8                        . = ALIGN (0x4)
 *(.rodata)
 .rodata        0x08007fa8       0xd6 ./Core/Src/main.o
 *(.rodata*)
 *fill*         0x0800807e        0x2 
 .rodata.AHBPrescTable
                0x08008080       0x10 ./Core/Src/system_stm32f4xx.o
                0x08008080                AHBPrescTable
 .rodata.APBPrescTable
                0x08008090        0x8 ./Core/Src/system_stm32f4xx.o
                0x08008090                APBPrescTable
 .rodata.flagBitshiftOffset.0
                0x08008098        0x8 ./Drivers/STM32F4xx_HAL_Driver/Src/stm32f4xx_hal_dma.o
 .rodata.acos.str1.1
                0x080080a0        0x1 C:/Users/user/.eclipse/com.st.stm32cube.ide.mcu.rcp.product_1.15.0_424927651_win32_win32_x86_64/plugins/com.st.stm32cube.ide.mcu.externaltools.gnu-tools-for-stm32.12.3.rel1.win32_1.0.200.202406191623/tools/bin/../lib/gcc/arm-none-eabi/12.3.1/../../../../arm-none-eabi/lib/thumb/v7e-m+fp/hard\libm.a(libm_a-w_acos.o)
 .rodata.asin.str1.1
                0x080080a1        0x1 C:/Users/user/.eclipse/com.st.stm32cube.ide.mcu.rcp.product_1.15.0_424927651_win32_win32_x86_64/plugins/com.st.stm32cube.ide.mcu.externaltools.gnu-tools-for-stm32.12.3.rel1.win32_1.0.200.202406191623/tools/bin/../lib/gcc/arm-none-eabi/12.3.1/../../../../arm-none-eabi/lib/thumb/v7e-m+fp/hard\libm.a(libm_a-w_asin.o)
 *fill*         0x080080a1        0x7 
 .rodata.atanlo
                0x080080a8       0x20 C:/Users/user/.eclipse/com.st.stm32cube.ide.mcu.rcp.product_1.15.0_424927651_win32_win32_x86_64/plugins/com.st.stm32cube.ide.mcu.externaltools.gnu-tools-for-stm32.12.3.rel1.win32_1.0.200.202406191623/tools/bin/../lib/gcc/arm-none-eabi/12.3.1/../../../../arm-none-eabi/lib/thumb/v7e-m+fp/hard\libm.a(libm_a-s_atan.o)
 .rodata.atanhi
                0x080080c8       0x20 C:/Users/user/.eclipse/com.st.stm32cube.ide.mcu.rcp.product_1.15.0_424927651_win32_win32_x86_64/plugins/com.st.stm32cube.ide.mcu.externaltools.gnu-tools-for-stm32.12.3.rel1.win32_1.0.200.202406191623/tools/bin/../lib/gcc/arm-none-eabi/12.3.1/../../../../arm-none-eabi/lib/thumb/v7e-m+fp/hard\libm.a(libm_a-s_atan.o)
 .rodata.dp_l   0x080080e8       0x10 C:/Users/user/.eclipse/com.st.stm32cube.ide.mcu.rcp.product_1.15.0_424927651_win32_win32_x86_64/plugins/com.st.stm32cube.ide.mcu.externaltools.gnu-tools-for-stm32.12.3.rel1.win32_1.0.200.202406191623/tools/bin/../lib/gcc/arm-none-eabi/12.3.1/../../../../arm-none-eabi/lib/thumb/v7e-m+fp/hard\libm.a(libm_a-e_pow.o)
 .rodata.dp_h   0x080080f8       0x10 C:/Users/user/.eclipse/com.st.stm32cube.ide.mcu.rcp.product_1.15.0_424927651_win32_win32_x86_64/plugins/com.st.stm32cube.ide.mcu.externaltools.gnu-tools-for-stm32.12.3.rel1.win32_1.0.200.202406191623/tools/bin/../lib/gcc/arm-none-eabi/12.3.1/../../../../arm-none-eabi/lib/thumb/v7e-m+fp/hard\libm.a(libm_a-e_pow.o)
 .rodata.bp     0x08008108       0x10 C:/Users/user/.eclipse/com.st.stm32cube.ide.mcu.rcp.product_1.15.0_424927651_win32_win32_x86_64/plugins/com.st.stm32cube.ide.mcu.externaltools.gnu-tools-for-stm32.12.3.rel1.win32_1.0.200.202406191623/tools/bin/../lib/gcc/arm-none-eabi/12.3.1/../../../../arm-none-eabi/lib/thumb/v7e-m+fp/hard\libm.a(libm_a-e_pow.o)
                0x08008118                        . = ALIGN (0x4)

.ARM.extab      0x08008118        0x0
                0x08008118                        . = ALIGN (0x4)
 *(.ARM.extab* .gnu.linkonce.armextab.*)
                0x08008118                        . = ALIGN (0x4)

.ARM            0x08008118        0x8
                0x08008118                        . = ALIGN (0x4)
                0x08008118                        __exidx_start = .
 *(.ARM.exidx*)
 .ARM.exidx     0x08008118        0x8 C:/Users/user/.eclipse/com.st.stm32cube.ide.mcu.rcp.product_1.15.0_424927651_win32_win32_x86_64/plugins/com.st.stm32cube.ide.mcu.externaltools.gnu-tools-for-stm32.12.3.rel1.win32_1.0.200.202406191623/tools/bin/../lib/gcc/arm-none-eabi/12.3.1/thumb/v7e-m+fp/hard\libgcc.a(_udivmoddi4.o)
                0x08008120                        __exidx_end = .
                0x08008120                        . = ALIGN (0x4)

.preinit_array  0x08008120        0x0
                0x08008120                        . = ALIGN (0x4)
                0x08008120                        PROVIDE (__preinit_array_start = .)
 *(.preinit_array*)
                0x08008120                        PROVIDE (__preinit_array_end = .)
                0x08008120                        . = ALIGN (0x4)

.init_array     0x08008120        0x4
                0x08008120                        . = ALIGN (0x4)
                0x08008120                        PROVIDE (__init_array_start = .)
 *(SORT_BY_NAME(.init_array.*))
 *(.init_array*)
 .init_array    0x08008120        0x4 C:/Users/user/.eclipse/com.st.stm32cube.ide.mcu.rcp.product_1.15.0_424927651_win32_win32_x86_64/plugins/com.st.stm32cube.ide.mcu.externaltools.gnu-tools-for-stm32.12.3.rel1.win32_1.0.200.202406191623/tools/bin/../lib/gcc/arm-none-eabi/12.3.1/thumb/v7e-m+fp/hard/crtbegin.o
                0x08008124                        PROVIDE (__init_array_end = .)
                0x08008124                        . = ALIGN (0x4)

.fini_array     0x08008124        0x4
                0x08008124                        . = ALIGN (0x4)
                [!provide]                        PROVIDE (__fini_array_start = .)
 *(SORT_BY_NAME(.fini_array.*))
 *(.fini_array*)
 .fini_array    0x08008124        0x4 C:/Users/user/.eclipse/com.st.stm32cube.ide.mcu.rcp.product_1.15.0_424927651_win32_win32_x86_64/plugins/com.st.stm32cube.ide.mcu.externaltools.gnu-tools-for-stm32.12.3.rel1.win32_1.0.200.202406191623/tools/bin/../lib/gcc/arm-none-eabi/12.3.1/thumb/v7e-m+fp/hard/crtbegin.o
                [!provide]                        PROVIDE (__fini_array_end = .)
                0x08008128                        . = ALIGN (0x4)
                0x08008128                        _sidata = LOADADDR (.data)

.rel.dyn        0x08008128        0x0
 .rel.iplt      0x08008128        0x0 C:/Users/user/.eclipse/com.st.stm32cube.ide.mcu.rcp.product_1.15.0_424927651_win32_win32_x86_64/plugins/com.st.stm32cube.ide.mcu.externaltools.gnu-tools-for-stm32.12.3.rel1.win32_1.0.200.202406191623/tools/bin/../lib/gcc/arm-none-eabi/12.3.1/thumb/v7e-m+fp/hard/crtbegin.o

.data           0x20000000       0x70 load address 0x08008128
                0x20000000                        . = ALIGN (0x4)
                0x20000000                        _sdata = .
 *(.data)
 *(.data*)
 .data.bufferUART
                0x20000000        0x2 ./Core/Src/main.o
                0x20000000                bufferUART
 *fill*         0x20000002        0x2 
 .data.SystemCoreClock
                0x20000004        0x4 ./Core/Src/system_stm32f4xx.o
                0x20000004                SystemCoreClock
 .data.uwTickPrio
                0x20000008        0x4 ./Drivers/STM32F4xx_HAL_Driver/Src/stm32f4xx_hal.o
                0x20000008                uwTickPrio
 .data.uwTickFreq
                0x2000000c        0x1 ./Drivers/STM32F4xx_HAL_Driver/Src/stm32f4xx_hal.o
                0x2000000c                uwTickFreq
 *fill*         0x2000000d        0x3 
 .data._impure_ptr
                0x20000010        0x4 C:/Users/user/.eclipse/com.st.stm32cube.ide.mcu.rcp.product_1.15.0_424927651_win32_win32_x86_64/plugins/com.st.stm32cube.ide.mcu.externaltools.gnu-tools-for-stm32.12.3.rel1.win32_1.0.200.202406191623/tools/bin/../lib/gcc/arm-none-eabi/12.3.1/../../../../arm-none-eabi/lib/thumb/v7e-m+fp/hard\libc_nano.a(libc_a-impure.o)
                0x20000010                _impure_ptr
 .data._impure_data
                0x20000014       0x4c C:/Users/user/.eclipse/com.st.stm32cube.ide.mcu.rcp.product_1.15.0_424927651_win32_win32_x86_64/plugins/com.st.stm32cube.ide.mcu.externaltools.gnu-tools-for-stm32.12.3.rel1.win32_1.0.200.202406191623/tools/bin/../lib/gcc/arm-none-eabi/12.3.1/../../../../arm-none-eabi/lib/thumb/v7e-m+fp/hard\libc_nano.a(libc_a-impure.o)
                0x20000014                _impure_data
 .data.tiny     0x20000060        0x8 C:/Users/user/.eclipse/com.st.stm32cube.ide.mcu.rcp.product_1.15.0_424927651_win32_win32_x86_64/plugins/com.st.stm32cube.ide.mcu.externaltools.gnu-tools-for-stm32.12.3.rel1.win32_1.0.200.202406191623/tools/bin/../lib/gcc/arm-none-eabi/12.3.1/../../../../arm-none-eabi/lib/thumb/v7e-m+fp/hard\libm.a(libm_a-e_sqrt.o)
 .data.one      0x20000068        0x8 C:/Users/user/.eclipse/com.st.stm32cube.ide.mcu.rcp.product_1.15.0_424927651_win32_win32_x86_64/plugins/com.st.stm32cube.ide.mcu.externaltools.gnu-tools-for-stm32.12.3.rel1.win32_1.0.200.202406191623/tools/bin/../lib/gcc/arm-none-eabi/12.3.1/../../../../arm-none-eabi/lib/thumb/v7e-m+fp/hard\libm.a(libm_a-e_sqrt.o)
 *(.RamFunc)
 *(.RamFunc*)
                0x20000070                        . = ALIGN (0x4)
                0x20000070                        _edata = .
                0x08008198                        _siccmram = LOADADDR (.ccmram)

.igot.plt       0x20000070        0x0 load address 0x08008198
 .igot.plt      0x20000070        0x0 C:/Users/user/.eclipse/com.st.stm32cube.ide.mcu.rcp.product_1.15.0_424927651_win32_win32_x86_64/plugins/com.st.stm32cube.ide.mcu.externaltools.gnu-tools-for-stm32.12.3.rel1.win32_1.0.200.202406191623/tools/bin/../lib/gcc/arm-none-eabi/12.3.1/thumb/v7e-m+fp/hard/crtbegin.o

.ccmram         0x10000000        0x0 load address 0x08008198
                0x10000000                        . = ALIGN (0x4)
                0x10000000                        _sccmram = .
 *(.ccmram)
 *(.ccmram*)
                0x10000000                        . = ALIGN (0x4)
                0x10000000                        _eccmram = .
                0x10000000                        . = ALIGN (0x4)

.bss            0x20000070      0x2b8
                0x20000070                        _sbss = .
                0x20000070                        __bss_start__ = _sbss
 *(.bss)
 .bss           0x20000070       0x1c C:/Users/user/.eclipse/com.st.stm32cube.ide.mcu.rcp.product_1.15.0_424927651_win32_win32_x86_64/plugins/com.st.stm32cube.ide.mcu.externaltools.gnu-tools-for-stm32.12.3.rel1.win32_1.0.200.202406191623/tools/bin/../lib/gcc/arm-none-eabi/12.3.1/thumb/v7e-m+fp/hard/crtbegin.o
 *(.bss*)
 .bss.hi2c1     0x2000008c       0x54 ./Core/Src/i2c.o
                0x2000008c                hi2c1
 .bss.rx_buff   0x200000e0        0x1 ./Core/Src/main.o
                0x200000e0                rx_buff
 *fill*         0x200000e1        0x3 
 .bss.huart1    0x200000e4       0x48 ./Core/Src/usart.o
                0x200000e4                huart1
 .bss.hdma_usart1_rx
                0x2000012c       0x60 ./Core/Src/usart.o
                0x2000012c                hdma_usart1_rx
 .bss.hdma_usart1_tx
                0x2000018c       0x60 ./Core/Src/usart.o
                0x2000018c                hdma_usart1_tx
 .bss.uwTick    0x200001ec        0x4 ./Drivers/STM32F4xx_HAL_Driver/Src/stm32f4xx_hal.o
                0x200001ec                uwTick
 .bss.__sf      0x200001f0      0x138 C:/Users/user/.eclipse/com.st.stm32cube.ide.mcu.rcp.product_1.15.0_424927651_win32_win32_x86_64/plugins/com.st.stm32cube.ide.mcu.externaltools.gnu-tools-for-stm32.12.3.rel1.win32_1.0.200.202406191623/tools/bin/../lib/gcc/arm-none-eabi/12.3.1/../../../../arm-none-eabi/lib/thumb/v7e-m+fp/hard\libc_nano.a(libc_a-findfp.o)
                0x200001f0                __sf
 *(COMMON)
                0x20000328                        . = ALIGN (0x4)
                0x20000328                        _ebss = .
                0x20000328                        __bss_end__ = _ebss

._user_heap_stack
                0x20000328      0x600
                0x20000328                        . = ALIGN (0x8)
                [!provide]                        PROVIDE (end = .)
                0x20000328                        PROVIDE (_end = .)
                0x20000528                        . = (. + _Min_Heap_Size)
 *fill*         0x20000328      0x200 
                0x20000928                        . = (. + _Min_Stack_Size)
 *fill*         0x20000528      0x400 
                0x20000928                        . = ALIGN (0x8)

/DISCARD/
 libc.a(*)
 libm.a(*)
 libgcc.a(*)

.ARM.attributes
                0x00000000       0x30
 *(.ARM.attributes)
 .ARM.attributes
                0x00000000       0x22 C:/Users/user/.eclipse/com.st.stm32cube.ide.mcu.rcp.product_1.15.0_424927651_win32_win32_x86_64/plugins/com.st.stm32cube.ide.mcu.externaltools.gnu-tools-for-stm32.12.3.rel1.win32_1.0.200.202406191623/tools/bin/../lib/gcc/arm-none-eabi/12.3.1/thumb/v7e-m+fp/hard/crti.o
 .ARM.attributes
                0x00000022       0x34 C:/Users/user/.eclipse/com.st.stm32cube.ide.mcu.rcp.product_1.15.0_424927651_win32_win32_x86_64/plugins/com.st.stm32cube.ide.mcu.externaltools.gnu-tools-for-stm32.12.3.rel1.win32_1.0.200.202406191623/tools/bin/../lib/gcc/arm-none-eabi/12.3.1/thumb/v7e-m+fp/hard/crtbegin.o
 .ARM.attributes
                0x00000056       0x34 ./Core/Src/dma.o
 .ARM.attributes
                0x0000008a       0x34 ./Core/Src/gpio.o
 .ARM.attributes
                0x000000be       0x34 ./Core/Src/i2c.o
 .ARM.attributes
                0x000000f2       0x34 ./Core/Src/main.o
 .ARM.attributes
                0x00000126       0x34 ./Core/Src/stm32f4xx_hal_msp.o
 .ARM.attributes
                0x0000015a       0x34 ./Core/Src/stm32f4xx_it.o
 .ARM.attributes
                0x0000018e       0x34 ./Core/Src/system_stm32f4xx.o
 .ARM.attributes
                0x000001c2       0x34 ./Core/Src/usart.o
 .ARM.attributes
                0x000001f6       0x21 ./Core/Startup/startup_stm32f407vetx.o
 .ARM.attributes
                0x00000217       0x34 ./Drivers/STM32F4xx_HAL_Driver/Src/stm32f4xx_hal.o
 .ARM.attributes
                0x0000024b       0x34 ./Drivers/STM32F4xx_HAL_Driver/Src/stm32f4xx_hal_cortex.o
 .ARM.attributes
                0x0000027f       0x34 ./Drivers/STM32F4xx_HAL_Driver/Src/stm32f4xx_hal_dma.o
 .ARM.attributes
                0x000002b3       0x34 ./Drivers/STM32F4xx_HAL_Driver/Src/stm32f4xx_hal_gpio.o
 .ARM.attributes
                0x000002e7       0x34 ./Drivers/STM32F4xx_HAL_Driver/Src/stm32f4xx_hal_i2c.o
 .ARM.attributes
                0x0000031b       0x34 ./Drivers/STM32F4xx_HAL_Driver/Src/stm32f4xx_hal_rcc.o
 .ARM.attributes
                0x0000034f       0x34 ./Drivers/STM32F4xx_HAL_Driver/Src/stm32f4xx_hal_uart.o
 .ARM.attributes
                0x00000383       0x34 C:/Users/user/.eclipse/com.st.stm32cube.ide.mcu.rcp.product_1.15.0_424927651_win32_win32_x86_64/plugins/com.st.stm32cube.ide.mcu.externaltools.gnu-tools-for-stm32.12.3.rel1.win32_1.0.200.202406191623/tools/bin/../lib/gcc/arm-none-eabi/12.3.1/../../../../arm-none-eabi/lib/thumb/v7e-m+fp/hard\libc_nano.a(libc_a-findfp.o)
 .ARM.attributes
                0x000003b7       0x34 C:/Users/user/.eclipse/com.st.stm32cube.ide.mcu.rcp.product_1.15.0_424927651_win32_win32_x86_64/plugins/com.st.stm32cube.ide.mcu.externaltools.gnu-tools-for-stm32.12.3.rel1.win32_1.0.200.202406191623/tools/bin/../lib/gcc/arm-none-eabi/12.3.1/../../../../arm-none-eabi/lib/thumb/v7e-m+fp/hard\libc_nano.a(libc_a-memset.o)
 .ARM.attributes
                0x000003eb       0x34 C:/Users/user/.eclipse/com.st.stm32cube.ide.mcu.rcp.product_1.15.0_424927651_win32_win32_x86_64/plugins/com.st.stm32cube.ide.mcu.externaltools.gnu-tools-for-stm32.12.3.rel1.win32_1.0.200.202406191623/tools/bin/../lib/gcc/arm-none-eabi/12.3.1/../../../../arm-none-eabi/lib/thumb/v7e-m+fp/hard\libc_nano.a(libc_a-impure.o)
 .ARM.attributes
                0x0000041f       0x34 C:/Users/user/.eclipse/com.st.stm32cube.ide.mcu.rcp.product_1.15.0_424927651_win32_win32_x86_64/plugins/com.st.stm32cube.ide.mcu.externaltools.gnu-tools-for-stm32.12.3.rel1.win32_1.0.200.202406191623/tools/bin/../lib/gcc/arm-none-eabi/12.3.1/../../../../arm-none-eabi/lib/thumb/v7e-m+fp/hard\libc_nano.a(libc_a-errno.o)
 .ARM.attributes
                0x00000453       0x34 C:/Users/user/.eclipse/com.st.stm32cube.ide.mcu.rcp.product_1.15.0_424927651_win32_win32_x86_64/plugins/com.st.stm32cube.ide.mcu.externaltools.gnu-tools-for-stm32.12.3.rel1.win32_1.0.200.202406191623/tools/bin/../lib/gcc/arm-none-eabi/12.3.1/../../../../arm-none-eabi/lib/thumb/v7e-m+fp/hard\libc_nano.a(libc_a-init.o)
 .ARM.attributes
                0x00000487       0x34 C:/Users/user/.eclipse/com.st.stm32cube.ide.mcu.rcp.product_1.15.0_424927651_win32_win32_x86_64/plugins/com.st.stm32cube.ide.mcu.externaltools.gnu-tools-for-stm32.12.3.rel1.win32_1.0.200.202406191623/tools/bin/../lib/gcc/arm-none-eabi/12.3.1/../../../../arm-none-eabi/lib/thumb/v7e-m+fp/hard\libm.a(libm_a-w_acos.o)
 .ARM.attributes
                0x000004bb       0x34 C:/Users/user/.eclipse/com.st.stm32cube.ide.mcu.rcp.product_1.15.0_424927651_win32_win32_x86_64/plugins/com.st.stm32cube.ide.mcu.externaltools.gnu-tools-for-stm32.12.3.rel1.win32_1.0.200.202406191623/tools/bin/../lib/gcc/arm-none-eabi/12.3.1/../../../../arm-none-eabi/lib/thumb/v7e-m+fp/hard\libm.a(libm_a-w_asin.o)
 .ARM.attributes
                0x000004ef       0x34 C:/Users/user/.eclipse/com.st.stm32cube.ide.mcu.rcp.product_1.15.0_424927651_win32_win32_x86_64/plugins/com.st.stm32cube.ide.mcu.externaltools.gnu-tools-for-stm32.12.3.rel1.win32_1.0.200.202406191623/tools/bin/../lib/gcc/arm-none-eabi/12.3.1/../../../../arm-none-eabi/lib/thumb/v7e-m+fp/hard\libm.a(libm_a-w_pow.o)
 .ARM.attributes
                0x00000523       0x34 C:/Users/user/.eclipse/com.st.stm32cube.ide.mcu.rcp.product_1.15.0_424927651_win32_win32_x86_64/plugins/com.st.stm32cube.ide.mcu.externaltools.gnu-tools-for-stm32.12.3.rel1.win32_1.0.200.202406191623/tools/bin/../lib/gcc/arm-none-eabi/12.3.1/../../../../arm-none-eabi/lib/thumb/v7e-m+fp/hard\libm.a(libm_a-w_sqrt.o)
 .ARM.attributes
                0x00000557       0x34 C:/Users/user/.eclipse/com.st.stm32cube.ide.mcu.rcp.product_1.15.0_424927651_win32_win32_x86_64/plugins/com.st.stm32cube.ide.mcu.externaltools.gnu-tools-for-stm32.12.3.rel1.win32_1.0.200.202406191623/tools/bin/../lib/gcc/arm-none-eabi/12.3.1/../../../../arm-none-eabi/lib/thumb/v7e-m+fp/hard\libm.a(libm_a-s_atan.o)
 .ARM.attributes
                0x0000058b       0x34 C:/Users/user/.eclipse/com.st.stm32cube.ide.mcu.rcp.product_1.15.0_424927651_win32_win32_x86_64/plugins/com.st.stm32cube.ide.mcu.externaltools.gnu-tools-for-stm32.12.3.rel1.win32_1.0.200.202406191623/tools/bin/../lib/gcc/arm-none-eabi/12.3.1/../../../../arm-none-eabi/lib/thumb/v7e-m+fp/hard\libm.a(libm_a-s_fabs.o)
 .ARM.attributes
                0x000005bf       0x34 C:/Users/user/.eclipse/com.st.stm32cube.ide.mcu.rcp.product_1.15.0_424927651_win32_win32_x86_64/plugins/com.st.stm32cube.ide.mcu.externaltools.gnu-tools-for-stm32.12.3.rel1.win32_1.0.200.202406191623/tools/bin/../lib/gcc/arm-none-eabi/12.3.1/../../../../arm-none-eabi/lib/thumb/v7e-m+fp/hard\libm.a(libm_a-s_finite.o)
 .ARM.attributes
                0x000005f3       0x34 C:/Users/user/.eclipse/com.st.stm32cube.ide.mcu.rcp.product_1.15.0_424927651_win32_win32_x86_64/plugins/com.st.stm32cube.ide.mcu.externaltools.gnu-tools-for-stm32.12.3.rel1.win32_1.0.200.202406191623/tools/bin/../lib/gcc/arm-none-eabi/12.3.1/../../../../arm-none-eabi/lib/thumb/v7e-m+fp/hard\libm.a(libm_a-s_nan.o)
 .ARM.attributes
                0x00000627       0x34 C:/Users/user/.eclipse/com.st.stm32cube.ide.mcu.rcp.product_1.15.0_424927651_win32_win32_x86_64/plugins/com.st.stm32cube.ide.mcu.externaltools.gnu-tools-for-stm32.12.3.rel1.win32_1.0.200.202406191623/tools/bin/../lib/gcc/arm-none-eabi/12.3.1/../../../../arm-none-eabi/lib/thumb/v7e-m+fp/hard\libm.a(libm_a-e_sqrt.o)
 .ARM.attributes
                0x0000065b       0x34 C:/Users/user/.eclipse/com.st.stm32cube.ide.mcu.rcp.product_1.15.0_424927651_win32_win32_x86_64/plugins/com.st.stm32cube.ide.mcu.externaltools.gnu-tools-for-stm32.12.3.rel1.win32_1.0.200.202406191623/tools/bin/../lib/gcc/arm-none-eabi/12.3.1/../../../../arm-none-eabi/lib/thumb/v7e-m+fp/hard\libm.a(libm_a-e_acos.o)
 .ARM.attributes
                0x0000068f       0x34 C:/Users/user/.eclipse/com.st.stm32cube.ide.mcu.rcp.product_1.15.0_424927651_win32_win32_x86_64/plugins/com.st.stm32cube.ide.mcu.externaltools.gnu-tools-for-stm32.12.3.rel1.win32_1.0.200.202406191623/tools/bin/../lib/gcc/arm-none-eabi/12.3.1/../../../../arm-none-eabi/lib/thumb/v7e-m+fp/hard\libm.a(libm_a-e_asin.o)
 .ARM.attributes
                0x000006c3       0x34 C:/Users/user/.eclipse/com.st.stm32cube.ide.mcu.rcp.product_1.15.0_424927651_win32_win32_x86_64/plugins/com.st.stm32cube.ide.mcu.externaltools.gnu-tools-for-stm32.12.3.rel1.win32_1.0.200.202406191623/tools/bin/../lib/gcc/arm-none-eabi/12.3.1/../../../../arm-none-eabi/lib/thumb/v7e-m+fp/hard\libm.a(libm_a-e_pow.o)
 .ARM.attributes
                0x000006f7       0x34 C:/Users/user/.eclipse/com.st.stm32cube.ide.mcu.rcp.product_1.15.0_424927651_win32_win32_x86_64/plugins/com.st.stm32cube.ide.mcu.externaltools.gnu-tools-for-stm32.12.3.rel1.win32_1.0.200.202406191623/tools/bin/../lib/gcc/arm-none-eabi/12.3.1/../../../../arm-none-eabi/lib/thumb/v7e-m+fp/hard\libm.a(libm_a-s_scalbn.o)
 .ARM.attributes
                0x0000072b       0x34 C:/Users/user/.eclipse/com.st.stm32cube.ide.mcu.rcp.product_1.15.0_424927651_win32_win32_x86_64/plugins/com.st.stm32cube.ide.mcu.externaltools.gnu-tools-for-stm32.12.3.rel1.win32_1.0.200.202406191623/tools/bin/../lib/gcc/arm-none-eabi/12.3.1/../../../../arm-none-eabi/lib/thumb/v7e-m+fp/hard\libm.a(libm_a-math_err.o)
 .ARM.attributes
                0x0000075f       0x22 C:/Users/user/.eclipse/com.st.stm32cube.ide.mcu.rcp.product_1.15.0_424927651_win32_win32_x86_64/plugins/com.st.stm32cube.ide.mcu.externaltools.gnu-tools-for-stm32.12.3.rel1.win32_1.0.200.202406191623/tools/bin/../lib/gcc/arm-none-eabi/12.3.1/thumb/v7e-m+fp/hard\libgcc.a(_arm_addsubdf3.o)
 .ARM.attributes
                0x00000781       0x22 C:/Users/user/.eclipse/com.st.stm32cube.ide.mcu.rcp.product_1.15.0_424927651_win32_win32_x86_64/plugins/com.st.stm32cube.ide.mcu.externaltools.gnu-tools-for-stm32.12.3.rel1.win32_1.0.200.202406191623/tools/bin/../lib/gcc/arm-none-eabi/12.3.1/thumb/v7e-m+fp/hard\libgcc.a(_arm_muldivdf3.o)
 .ARM.attributes
                0x000007a3       0x22 C:/Users/user/.eclipse/com.st.stm32cube.ide.mcu.rcp.product_1.15.0_424927651_win32_win32_x86_64/plugins/com.st.stm32cube.ide.mcu.externaltools.gnu-tools-for-stm32.12.3.rel1.win32_1.0.200.202406191623/tools/bin/../lib/gcc/arm-none-eabi/12.3.1/thumb/v7e-m+fp/hard\libgcc.a(_arm_cmpdf2.o)
 .ARM.attributes
                0x000007c5       0x22 C:/Users/user/.eclipse/com.st.stm32cube.ide.mcu.rcp.product_1.15.0_424927651_win32_win32_x86_64/plugins/com.st.stm32cube.ide.mcu.externaltools.gnu-tools-for-stm32.12.3.rel1.win32_1.0.200.202406191623/tools/bin/../lib/gcc/arm-none-eabi/12.3.1/thumb/v7e-m+fp/hard\libgcc.a(_arm_unorddf2.o)
 .ARM.attributes
                0x000007e7       0x22 C:/Users/user/.eclipse/com.st.stm32cube.ide.mcu.rcp.product_1.15.0_424927651_win32_win32_x86_64/plugins/com.st.stm32cube.ide.mcu.externaltools.gnu-tools-for-stm32.12.3.rel1.win32_1.0.200.202406191623/tools/bin/../lib/gcc/arm-none-eabi/12.3.1/thumb/v7e-m+fp/hard\libgcc.a(_arm_truncdfsf2.o)
 .ARM.attributes
                0x00000809       0x22 C:/Users/user/.eclipse/com.st.stm32cube.ide.mcu.rcp.product_1.15.0_424927651_win32_win32_x86_64/plugins/com.st.stm32cube.ide.mcu.externaltools.gnu-tools-for-stm32.12.3.rel1.win32_1.0.200.202406191623/tools/bin/../lib/gcc/arm-none-eabi/12.3.1/thumb/v7e-m+fp/hard\libgcc.a(_aeabi_uldivmod.o)
 .ARM.attributes
                0x0000082b       0x34 C:/Users/user/.eclipse/com.st.stm32cube.ide.mcu.rcp.product_1.15.0_424927651_win32_win32_x86_64/plugins/com.st.stm32cube.ide.mcu.externaltools.gnu-tools-for-stm32.12.3.rel1.win32_1.0.200.202406191623/tools/bin/../lib/gcc/arm-none-eabi/12.3.1/thumb/v7e-m+fp/hard\libgcc.a(_udivmoddi4.o)
 .ARM.attributes
                0x0000085f       0x22 C:/Users/user/.eclipse/com.st.stm32cube.ide.mcu.rcp.product_1.15.0_424927651_win32_win32_x86_64/plugins/com.st.stm32cube.ide.mcu.externaltools.gnu-tools-for-stm32.12.3.rel1.win32_1.0.200.202406191623/tools/bin/../lib/gcc/arm-none-eabi/12.3.1/thumb/v7e-m+fp/hard\libgcc.a(_dvmd_tls.o)
 .ARM.attributes
                0x00000881       0x22 C:/Users/user/.eclipse/com.st.stm32cube.ide.mcu.rcp.product_1.15.0_424927651_win32_win32_x86_64/plugins/com.st.stm32cube.ide.mcu.externaltools.gnu-tools-for-stm32.12.3.rel1.win32_1.0.200.202406191623/tools/bin/../lib/gcc/arm-none-eabi/12.3.1/thumb/v7e-m+fp/hard/crtn.o
OUTPUT(KOT3.elf elf32-littlearm)
LOAD linker stubs
LOAD C:/Users/user/.eclipse/com.st.stm32cube.ide.mcu.rcp.product_1.15.0_424927651_win32_win32_x86_64/plugins/com.st.stm32cube.ide.mcu.externaltools.gnu-tools-for-stm32.12.3.rel1.win32_1.0.200.202406191623/tools/bin/../lib/gcc/arm-none-eabi/12.3.1/../../../../arm-none-eabi/lib/thumb/v7e-m+fp/hard\libc.a
LOAD C:/Users/user/.eclipse/com.st.stm32cube.ide.mcu.rcp.product_1.15.0_424927651_win32_win32_x86_64/plugins/com.st.stm32cube.ide.mcu.externaltools.gnu-tools-for-stm32.12.3.rel1.win32_1.0.200.202406191623/tools/bin/../lib/gcc/arm-none-eabi/12.3.1/../../../../arm-none-eabi/lib/thumb/v7e-m+fp/hard\libm.a
LOAD C:/Users/user/.eclipse/com.st.stm32cube.ide.mcu.rcp.product_1.15.0_424927651_win32_win32_x86_64/plugins/com.st.stm32cube.ide.mcu.externaltools.gnu-tools-for-stm32.12.3.rel1.win32_1.0.200.202406191623/tools/bin/../lib/gcc/arm-none-eabi/12.3.1/thumb/v7e-m+fp/hard\libgcc.a

.debug_info     0x00000000     0xc2ce
 .debug_info    0x00000000      0x4ad ./Core/Src/dma.o
 .debug_info    0x000004ad      0x3d1 ./Core/Src/gpio.o
 .debug_info    0x0000087e      0x968 ./Core/Src/i2c.o
 .debug_info    0x000011e6     0x1457 ./Core/Src/main.o
 .debug_info    0x0000263d      0x269 ./Core/Src/stm32f4xx_hal_msp.o
 .debug_info    0x000028a6      0x681 ./Core/Src/stm32f4xx_it.o
 .debug_info    0x00002f27      0x512 ./Core/Src/system_stm32f4xx.o
 .debug_info    0x00003439      0xbd8 ./Core/Src/usart.o
 .debug_info    0x00004011       0x30 ./Core/Startup/startup_stm32f407vetx.o
 .debug_info    0x00004041      0x944 ./Drivers/STM32F4xx_HAL_Driver/Src/stm32f4xx_hal.o
 .debug_info    0x00004985      0xd8c ./Drivers/STM32F4xx_HAL_Driver/Src/stm32f4xx_hal_cortex.o
 .debug_info    0x00005711      0x8e7 ./Drivers/STM32F4xx_HAL_Driver/Src/stm32f4xx_hal_dma.o
 .debug_info    0x00005ff8      0x6c3 ./Drivers/STM32F4xx_HAL_Driver/Src/stm32f4xx_hal_gpio.o
 .debug_info    0x000066bb     0x2415 ./Drivers/STM32F4xx_HAL_Driver/Src/stm32f4xx_hal_i2c.o
 .debug_info    0x00008ad0      0x8af ./Drivers/STM32F4xx_HAL_Driver/Src/stm32f4xx_hal_rcc.o
 .debug_info    0x0000937f     0x2f4f ./Drivers/STM32F4xx_HAL_Driver/Src/stm32f4xx_hal_uart.o

.debug_abbrev   0x00000000     0x1f26
 .debug_abbrev  0x00000000      0x10e ./Core/Src/dma.o
 .debug_abbrev  0x0000010e      0x152 ./Core/Src/gpio.o
 .debug_abbrev  0x00000260      0x1f1 ./Core/Src/i2c.o
 .debug_abbrev  0x00000451      0x340 ./Core/Src/main.o
 .debug_abbrev  0x00000791       0xd8 ./Core/Src/stm32f4xx_hal_msp.o
 .debug_abbrev  0x00000869      0x176 ./Core/Src/stm32f4xx_it.o
 .debug_abbrev  0x000009df      0x11a ./Core/Src/system_stm32f4xx.o
 .debug_abbrev  0x00000af9      0x22e ./Core/Src/usart.o
 .debug_abbrev  0x00000d27       0x24 ./Core/Startup/startup_stm32f407vetx.o
 .debug_abbrev  0x00000d4b      0x214 ./Drivers/STM32F4xx_HAL_Driver/Src/stm32f4xx_hal.o
 .debug_abbrev  0x00000f5f      0x31d ./Drivers/STM32F4xx_HAL_Driver/Src/stm32f4xx_hal_cortex.o
 .debug_abbrev  0x0000127c      0x264 ./Drivers/STM32F4xx_HAL_Driver/Src/stm32f4xx_hal_dma.o
 .debug_abbrev  0x000014e0      0x1d4 ./Drivers/STM32F4xx_HAL_Driver/Src/stm32f4xx_hal_gpio.o
 .debug_abbrev  0x000016b4      0x2ad ./Drivers/STM32F4xx_HAL_Driver/Src/stm32f4xx_hal_i2c.o
 .debug_abbrev  0x00001961      0x2b7 ./Drivers/STM32F4xx_HAL_Driver/Src/stm32f4xx_hal_rcc.o
 .debug_abbrev  0x00001c18      0x30e ./Drivers/STM32F4xx_HAL_Driver/Src/stm32f4xx_hal_uart.o

.debug_aranges  0x00000000      0xa68
 .debug_aranges
                0x00000000       0x20 ./Core/Src/dma.o
 .debug_aranges
                0x00000020       0x20 ./Core/Src/gpio.o
 .debug_aranges
                0x00000040       0x30 ./Core/Src/i2c.o
 .debug_aranges
                0x00000070       0xa0 ./Core/Src/main.o
 .debug_aranges
                0x00000110       0x20 ./Core/Src/stm32f4xx_hal_msp.o
 .debug_aranges
                0x00000130       0x78 ./Core/Src/stm32f4xx_it.o
 .debug_aranges
                0x000001a8       0x28 ./Core/Src/system_stm32f4xx.o
 .debug_aranges
                0x000001d0       0x30 ./Core/Src/usart.o
 .debug_aranges
                0x00000200       0x28 ./Core/Startup/startup_stm32f407vetx.o
 .debug_aranges
                0x00000228       0xf0 ./Drivers/STM32F4xx_HAL_Driver/Src/stm32f4xx_hal.o
 .debug_aranges
                0x00000318      0x130 ./Drivers/STM32F4xx_HAL_Driver/Src/stm32f4xx_hal_cortex.o
 .debug_aranges
                0x00000448       0x90 ./Drivers/STM32F4xx_HAL_Driver/Src/stm32f4xx_hal_dma.o
 .debug_aranges
                0x000004d8       0x58 ./Drivers/STM32F4xx_HAL_Driver/Src/stm32f4xx_hal_gpio.o
 .debug_aranges
                0x00000530      0x2a8 ./Drivers/STM32F4xx_HAL_Driver/Src/stm32f4xx_hal_i2c.o
 .debug_aranges
                0x000007d8       0x88 ./Drivers/STM32F4xx_HAL_Driver/Src/stm32f4xx_hal_rcc.o
 .debug_aranges
                0x00000860      0x208 ./Drivers/STM32F4xx_HAL_Driver/Src/stm32f4xx_hal_uart.o

.debug_rnglists
                0x00000000      0x81c
 .debug_rnglists
                0x00000000       0x13 ./Core/Src/dma.o
 .debug_rnglists
                0x00000013       0x14 ./Core/Src/gpio.o
 .debug_rnglists
                0x00000027       0x20 ./Core/Src/i2c.o
 .debug_rnglists
                0x00000047       0x7e ./Core/Src/main.o
 .debug_rnglists
                0x000000c5       0x13 ./Core/Src/stm32f4xx_hal_msp.o
 .debug_rnglists
                0x000000d8       0x55 ./Core/Src/stm32f4xx_it.o
 .debug_rnglists
                0x0000012d       0x1a ./Core/Src/system_stm32f4xx.o
 .debug_rnglists
                0x00000147       0x20 ./Core/Src/usart.o
 .debug_rnglists
                0x00000167       0x19 ./Core/Startup/startup_stm32f407vetx.o
 .debug_rnglists
                0x00000180       0xaf ./Drivers/STM32F4xx_HAL_Driver/Src/stm32f4xx_hal.o
 .debug_rnglists
                0x0000022f       0xe0 ./Drivers/STM32F4xx_HAL_Driver/Src/stm32f4xx_hal_cortex.o
 .debug_rnglists
                0x0000030f       0x70 ./Drivers/STM32F4xx_HAL_Driver/Src/stm32f4xx_hal_dma.o
 .debug_rnglists
                0x0000037f       0x3f ./Drivers/STM32F4xx_HAL_Driver/Src/stm32f4xx_hal_gpio.o
 .debug_rnglists
                0x000003be      0x23c ./Drivers/STM32F4xx_HAL_Driver/Src/stm32f4xx_hal_i2c.o
 .debug_rnglists
                0x000005fa       0x66 ./Drivers/STM32F4xx_HAL_Driver/Src/stm32f4xx_hal_rcc.o
 .debug_rnglists
                0x00000660      0x1bc ./Drivers/STM32F4xx_HAL_Driver/Src/stm32f4xx_hal_uart.o

.debug_macro    0x00000000    0x20c77
 .debug_macro   0x00000000      0x1e8 ./Core/Src/dma.o
 .debug_macro   0x000001e8      0xab4 ./Core/Src/dma.o
 .debug_macro   0x00000c9c      0x29b ./Core/Src/dma.o
 .debug_macro   0x00000f37       0x2e ./Core/Src/dma.o
 .debug_macro   0x00000f65       0x2f ./Core/Src/dma.o
 .debug_macro   0x00000f94       0x22 ./Core/Src/dma.o
 .debug_macro   0x00000fb6       0x8e ./Core/Src/dma.o
 .debug_macro   0x00001044       0x51 ./Core/Src/dma.o
 .debug_macro   0x00001095      0x103 ./Core/Src/dma.o
 .debug_macro   0x00001198       0x6a ./Core/Src/dma.o
 .debug_macro   0x00001202      0x1df ./Core/Src/dma.o
 .debug_macro   0x000013e1       0x1c ./Core/Src/dma.o
 .debug_macro   0x000013fd       0x22 ./Core/Src/dma.o
 .debug_macro   0x0000141f       0xfb ./Core/Src/dma.o
 .debug_macro   0x0000151a     0x1011 ./Core/Src/dma.o
 .debug_macro   0x0000252b      0x11f ./Core/Src/dma.o
 .debug_macro   0x0000264a    0x15e97 ./Core/Src/dma.o
 .debug_macro   0x000184e1       0x6d ./Core/Src/dma.o
 .debug_macro   0x0001854e     0x369a ./Core/Src/dma.o
 .debug_macro   0x0001bbe8      0x189 ./Core/Src/dma.o
 .debug_macro   0x0001bd71       0x5c ./Core/Src/dma.o
 .debug_macro   0x0001bdcd      0x980 ./Core/Src/dma.o
 .debug_macro   0x0001c74d      0x9e9 ./Core/Src/dma.o
 .debug_macro   0x0001d136      0x115 ./Core/Src/dma.o
 .debug_macro   0x0001d24b      0x13e ./Core/Src/dma.o
 .debug_macro   0x0001d389       0xa5 ./Core/Src/dma.o
 .debug_macro   0x0001d42e      0x174 ./Core/Src/dma.o
 .debug_macro   0x0001d5a2      0x287 ./Core/Src/dma.o
 .debug_macro   0x0001d829       0x5f ./Core/Src/dma.o
 .debug_macro   0x0001d888      0x236 ./Core/Src/dma.o
 .debug_macro   0x0001dabe      0x12c ./Core/Src/dma.o
 .debug_macro   0x0001dbea      0x21e ./Core/Src/dma.o
 .debug_macro   0x0001de08       0x2e ./Core/Src/dma.o
 .debug_macro   0x0001de36      0x1b5 ./Core/Src/dma.o
 .debug_macro   0x0001dfeb       0xd6 ./Core/Src/dma.o
 .debug_macro   0x0001e0c1      0x127 ./Core/Src/dma.o
 .debug_macro   0x0001e1e8       0x7e ./Core/Src/dma.o
 .debug_macro   0x0001e266       0x89 ./Core/Src/dma.o
 .debug_macro   0x0001e2ef      0x2aa ./Core/Src/dma.o
 .debug_macro   0x0001e599      0x12d ./Core/Src/dma.o
 .debug_macro   0x0001e6c6      0x1e8 ./Core/Src/gpio.o
 .debug_macro   0x0001e8ae      0x1e8 ./Core/Src/i2c.o
 .debug_macro   0x0001ea96      0x333 ./Core/Src/main.o
 .debug_macro   0x0001edc9       0x61 ./Core/Src/main.o
 .debug_macro   0x0001ee2a       0x2a ./Core/Src/main.o
 .debug_macro   0x0001ee54       0x43 ./Core/Src/main.o
 .debug_macro   0x0001ee97       0x34 ./Core/Src/main.o
 .debug_macro   0x0001eecb       0x16 ./Core/Src/main.o
 .debug_macro   0x0001eee1       0x43 ./Core/Src/main.o
 .debug_macro   0x0001ef24       0x34 ./Core/Src/main.o
 .debug_macro   0x0001ef58       0x10 ./Core/Src/main.o
 .debug_macro   0x0001ef68       0x58 ./Core/Src/main.o
 .debug_macro   0x0001efc0       0x8e ./Core/Src/main.o
 .debug_macro   0x0001f04e       0x1c ./Core/Src/main.o
 .debug_macro   0x0001f06a      0x177 ./Core/Src/main.o
 .debug_macro   0x0001f1e1      0x369 ./Core/Src/main.o
 .debug_macro   0x0001f54a       0x10 ./Core/Src/main.o
 .debug_macro   0x0001f55a       0x35 ./Core/Src/main.o
 .debug_macro   0x0001f58f       0x20 ./Core/Src/main.o
 .debug_macro   0x0001f5af      0x19b ./Core/Src/main.o
 .debug_macro   0x0001f74a      0x1de ./Core/Src/stm32f4xx_hal_msp.o
 .debug_macro   0x0001f928      0x1e8 ./Core/Src/stm32f4xx_it.o
 .debug_macro   0x0001fb10      0x1d4 ./Core/Src/system_stm32f4xx.o
 .debug_macro   0x0001fce4      0x1e8 ./Core/Src/usart.o
 .debug_macro   0x0001fecc      0x234 ./Drivers/STM32F4xx_HAL_Driver/Src/stm32f4xx_hal.o
 .debug_macro   0x00020100      0x1d4 ./Drivers/STM32F4xx_HAL_Driver/Src/stm32f4xx_hal_cortex.o
 .debug_macro   0x000202d4      0x1da ./Drivers/STM32F4xx_HAL_Driver/Src/stm32f4xx_hal_dma.o
 .debug_macro   0x000204ae      0x1da ./Drivers/STM32F4xx_HAL_Driver/Src/stm32f4xx_hal_gpio.o
 .debug_macro   0x00020688      0x222 ./Drivers/STM32F4xx_HAL_Driver/Src/stm32f4xx_hal_i2c.o
 .debug_macro   0x000208aa      0x1f8 ./Drivers/STM32F4xx_HAL_Driver/Src/stm32f4xx_hal_rcc.o
 .debug_macro   0x00020aa2      0x1d5 ./Drivers/STM32F4xx_HAL_Driver/Src/stm32f4xx_hal_uart.o

.debug_line     0x00000000     0xf0af
 .debug_line    0x00000000      0x7a1 ./Core/Src/dma.o
 .debug_line    0x000007a1      0x7b1 ./Core/Src/gpio.o
 .debug_line    0x00000f52      0x80d ./Core/Src/i2c.o
 .debug_line    0x0000175f     0x1078 ./Core/Src/main.o
 .debug_line    0x000027d7      0x7a4 ./Core/Src/stm32f4xx_hal_msp.o
 .debug_line    0x00002f7b      0x8ae ./Core/Src/stm32f4xx_it.o
 .debug_line    0x00003829      0x828 ./Core/Src/system_stm32f4xx.o
 .debug_line    0x00004051      0x85e ./Core/Src/usart.o
 .debug_line    0x000048af       0x7a ./Core/Startup/startup_stm32f407vetx.o
 .debug_line    0x00004929      0xa91 ./Drivers/STM32F4xx_HAL_Driver/Src/stm32f4xx_hal.o
 .debug_line    0x000053ba      0xd83 ./Drivers/STM32F4xx_HAL_Driver/Src/stm32f4xx_hal_cortex.o
 .debug_line    0x0000613d     0x1001 ./Drivers/STM32F4xx_HAL_Driver/Src/stm32f4xx_hal_dma.o
 .debug_line    0x0000713e      0xc1d ./Drivers/STM32F4xx_HAL_Driver/Src/stm32f4xx_hal_gpio.o
 .debug_line    0x00007d5b     0x3bd7 ./Drivers/STM32F4xx_HAL_Driver/Src/stm32f4xx_hal_i2c.o
 .debug_line    0x0000b932      0xe1a ./Drivers/STM32F4xx_HAL_Driver/Src/stm32f4xx_hal_rcc.o
 .debug_line    0x0000c74c     0x2963 ./Drivers/STM32F4xx_HAL_Driver/Src/stm32f4xx_hal_uart.o

.debug_str      0x00000000    0xc51ed
 .debug_str     0x00000000    0xbe8fc ./Core/Src/dma.o
                              0xbeb8f (size before relaxing)
 .debug_str     0x000be8fc       0xe3 ./Core/Src/gpio.o
                              0xbe73d (size before relaxing)
 .debug_str     0x000be9df      0x53b ./Core/Src/i2c.o
                              0xbec6c (size before relaxing)
 .debug_str     0x000bef1a     0x3fc2 ./Core/Src/main.o
                              0xc2bd1 (size before relaxing)
 .debug_str     0x000c2edc       0x2c ./Core/Src/stm32f4xx_hal_msp.o
                              0xbe672 (size before relaxing)
 .debug_str     0x000c2f08      0x150 ./Core/Src/stm32f4xx_it.o
                              0xbeb09 (size before relaxing)
 .debug_str     0x000c3058       0xdb ./Core/Src/system_stm32f4xx.o
                              0xbe722 (size before relaxing)
 .debug_str     0x000c3133       0x81 ./Core/Src/usart.o
                              0xbf168 (size before relaxing)
 .debug_str     0x000c31b4       0x44 ./Core/Startup/startup_stm32f407vetx.o
                                 0x64 (size before relaxing)
 .debug_str     0x000c31f8      0x60d ./Drivers/STM32F4xx_HAL_Driver/Src/stm32f4xx_hal.o
                              0xbf2a6 (size before relaxing)
 .debug_str     0x000c3805      0x36b ./Drivers/STM32F4xx_HAL_Driver/Src/stm32f4xx_hal_cortex.o
                              0xbf022 (size before relaxing)
 .debug_str     0x000c3b70      0x2f9 ./Drivers/STM32F4xx_HAL_Driver/Src/stm32f4xx_hal_dma.o
                              0xbeb3c (size before relaxing)
 .debug_str     0x000c3e69      0x121 ./Drivers/STM32F4xx_HAL_Driver/Src/stm32f4xx_hal_gpio.o
                              0xbe89d (size before relaxing)
 .debug_str     0x000c3f8a      0xafb ./Drivers/STM32F4xx_HAL_Driver/Src/stm32f4xx_hal_i2c.o
                              0xbf740 (size before relaxing)
 .debug_str     0x000c4a85      0x213 ./Drivers/STM32F4xx_HAL_Driver/Src/stm32f4xx_hal_rcc.o
                              0xbeb56 (size before relaxing)
 .debug_str     0x000c4c98      0x555 ./Drivers/STM32F4xx_HAL_Driver/Src/stm32f4xx_hal_uart.o
                              0xbf137 (size before relaxing)

.comment        0x00000000       0x43
 .comment       0x00000000       0x43 ./Core/Src/dma.o
                                 0x44 (size before relaxing)
 .comment       0x00000043       0x44 ./Core/Src/gpio.o
 .comment       0x00000043       0x44 ./Core/Src/i2c.o
 .comment       0x00000043       0x44 ./Core/Src/main.o
 .comment       0x00000043       0x44 ./Core/Src/stm32f4xx_hal_msp.o
 .comment       0x00000043       0x44 ./Core/Src/stm32f4xx_it.o
 .comment       0x00000043       0x44 ./Core/Src/system_stm32f4xx.o
 .comment       0x00000043       0x44 ./Core/Src/usart.o
 .comment       0x00000043       0x44 ./Drivers/STM32F4xx_HAL_Driver/Src/stm32f4xx_hal.o
 .comment       0x00000043       0x44 ./Drivers/STM32F4xx_HAL_Driver/Src/stm32f4xx_hal_cortex.o
 .comment       0x00000043       0x44 ./Drivers/STM32F4xx_HAL_Driver/Src/stm32f4xx_hal_dma.o
 .comment       0x00000043       0x44 ./Drivers/STM32F4xx_HAL_Driver/Src/stm32f4xx_hal_gpio.o
 .comment       0x00000043       0x44 ./Drivers/STM32F4xx_HAL_Driver/Src/stm32f4xx_hal_i2c.o
 .comment       0x00000043       0x44 ./Drivers/STM32F4xx_HAL_Driver/Src/stm32f4xx_hal_rcc.o
 .comment       0x00000043       0x44 ./Drivers/STM32F4xx_HAL_Driver/Src/stm32f4xx_hal_uart.o

.debug_frame    0x00000000     0x3208
 .debug_frame   0x00000000       0x34 ./Core/Src/dma.o
 .debug_frame   0x00000034       0x34 ./Core/Src/gpio.o
 .debug_frame   0x00000068       0x74 ./Core/Src/i2c.o
 .debug_frame   0x000000dc      0x274 ./Core/Src/main.o
 .debug_frame   0x00000350       0x38 ./Core/Src/stm32f4xx_hal_msp.o
 .debug_frame   0x00000388      0x158 ./Core/Src/stm32f4xx_it.o
 .debug_frame   0x000004e0       0x58 ./Core/Src/system_stm32f4xx.o
 .debug_frame   0x00000538       0x74 ./Core/Src/usart.o
 .debug_frame   0x000005ac      0x374 ./Drivers/STM32F4xx_HAL_Driver/Src/stm32f4xx_hal.o
 .debug_frame   0x00000920      0x508 ./Drivers/STM32F4xx_HAL_Driver/Src/stm32f4xx_hal_cortex.o
 .debug_frame   0x00000e28      0x250 ./Drivers/STM32F4xx_HAL_Driver/Src/stm32f4xx_hal_dma.o
 .debug_frame   0x00001078      0x14c ./Drivers/STM32F4xx_HAL_Driver/Src/stm32f4xx_hal_gpio.o
 .debug_frame   0x000011c4      0xc84 ./Drivers/STM32F4xx_HAL_Driver/Src/stm32f4xx_hal_i2c.o
 .debug_frame   0x00001e48      0x1f4 ./Drivers/STM32F4xx_HAL_Driver/Src/stm32f4xx_hal_rcc.o
 .debug_frame   0x0000203c      0x954 ./Drivers/STM32F4xx_HAL_Driver/Src/stm32f4xx_hal_uart.o
 .debug_frame   0x00002990      0x144 C:/Users/user/.eclipse/com.st.stm32cube.ide.mcu.rcp.product_1.15.0_424927651_win32_win32_x86_64/plugins/com.st.stm32cube.ide.mcu.externaltools.gnu-tools-for-stm32.12.3.rel1.win32_1.0.200.202406191623/tools/bin/../lib/gcc/arm-none-eabi/12.3.1/../../../../arm-none-eabi/lib/thumb/v7e-m+fp/hard\libc_nano.a(libc_a-findfp.o)
 .debug_frame   0x00002ad4       0x20 C:/Users/user/.eclipse/com.st.stm32cube.ide.mcu.rcp.product_1.15.0_424927651_win32_win32_x86_64/plugins/com.st.stm32cube.ide.mcu.externaltools.gnu-tools-for-stm32.12.3.rel1.win32_1.0.200.202406191623/tools/bin/../lib/gcc/arm-none-eabi/12.3.1/../../../../arm-none-eabi/lib/thumb/v7e-m+fp/hard\libc_nano.a(libc_a-memset.o)
 .debug_frame   0x00002af4       0x20 C:/Users/user/.eclipse/com.st.stm32cube.ide.mcu.rcp.product_1.15.0_424927651_win32_win32_x86_64/plugins/com.st.stm32cube.ide.mcu.externaltools.gnu-tools-for-stm32.12.3.rel1.win32_1.0.200.202406191623/tools/bin/../lib/gcc/arm-none-eabi/12.3.1/../../../../arm-none-eabi/lib/thumb/v7e-m+fp/hard\libc_nano.a(libc_a-errno.o)
 .debug_frame   0x00002b14       0x2c C:/Users/user/.eclipse/com.st.stm32cube.ide.mcu.rcp.product_1.15.0_424927651_win32_win32_x86_64/plugins/com.st.stm32cube.ide.mcu.externaltools.gnu-tools-for-stm32.12.3.rel1.win32_1.0.200.202406191623/tools/bin/../lib/gcc/arm-none-eabi/12.3.1/../../../../arm-none-eabi/lib/thumb/v7e-m+fp/hard\libc_nano.a(libc_a-init.o)
 .debug_frame   0x00002b40       0x4c C:/Users/user/.eclipse/com.st.stm32cube.ide.mcu.rcp.product_1.15.0_424927651_win32_win32_x86_64/plugins/com.st.stm32cube.ide.mcu.externaltools.gnu-tools-for-stm32.12.3.rel1.win32_1.0.200.202406191623/tools/bin/../lib/gcc/arm-none-eabi/12.3.1/../../../../arm-none-eabi/lib/thumb/v7e-m+fp/hard\libm.a(libm_a-w_acos.o)
 .debug_frame   0x00002b8c       0x4c C:/Users/user/.eclipse/com.st.stm32cube.ide.mcu.rcp.product_1.15.0_424927651_win32_win32_x86_64/plugins/com.st.stm32cube.ide.mcu.externaltools.gnu-tools-for-stm32.12.3.rel1.win32_1.0.200.202406191623/tools/bin/../lib/gcc/arm-none-eabi/12.3.1/../../../../arm-none-eabi/lib/thumb/v7e-m+fp/hard\libm.a(libm_a-w_asin.o)
 .debug_frame   0x00002bd8       0x44 C:/Users/user/.eclipse/com.st.stm32cube.ide.mcu.rcp.product_1.15.0_424927651_win32_win32_x86_64/plugins/com.st.stm32cube.ide.mcu.externaltools.gnu-tools-for-stm32.12.3.rel1.win32_1.0.200.202406191623/tools/bin/../lib/gcc/arm-none-eabi/12.3.1/../../../../arm-none-eabi/lib/thumb/v7e-m+fp/hard\libm.a(libm_a-w_pow.o)
 .debug_frame   0x00002c1c       0x3c C:/Users/user/.eclipse/com.st.stm32cube.ide.mcu.rcp.product_1.15.0_424927651_win32_win32_x86_64/plugins/com.st.stm32cube.ide.mcu.externaltools.gnu-tools-for-stm32.12.3.rel1.win32_1.0.200.202406191623/tools/bin/../lib/gcc/arm-none-eabi/12.3.1/../../../../arm-none-eabi/lib/thumb/v7e-m+fp/hard\libm.a(libm_a-w_sqrt.o)
 .debug_frame   0x00002c58       0x38 C:/Users/user/.eclipse/com.st.stm32cube.ide.mcu.rcp.product_1.15.0_424927651_win32_win32_x86_64/plugins/com.st.stm32cube.ide.mcu.externaltools.gnu-tools-for-stm32.12.3.rel1.win32_1.0.200.202406191623/tools/bin/../lib/gcc/arm-none-eabi/12.3.1/../../../../arm-none-eabi/lib/thumb/v7e-m+fp/hard\libm.a(libm_a-s_atan.o)
 .debug_frame   0x00002c90       0x20 C:/Users/user/.eclipse/com.st.stm32cube.ide.mcu.rcp.product_1.15.0_424927651_win32_win32_x86_64/plugins/com.st.stm32cube.ide.mcu.externaltools.gnu-tools-for-stm32.12.3.rel1.win32_1.0.200.202406191623/tools/bin/../lib/gcc/arm-none-eabi/12.3.1/../../../../arm-none-eabi/lib/thumb/v7e-m+fp/hard\libm.a(libm_a-s_fabs.o)
 .debug_frame   0x00002cb0       0x28 C:/Users/user/.eclipse/com.st.stm32cube.ide.mcu.rcp.product_1.15.0_424927651_win32_win32_x86_64/plugins/com.st.stm32cube.ide.mcu.externaltools.gnu-tools-for-stm32.12.3.rel1.win32_1.0.200.202406191623/tools/bin/../lib/gcc/arm-none-eabi/12.3.1/../../../../arm-none-eabi/lib/thumb/v7e-m+fp/hard\libm.a(libm_a-s_finite.o)
 .debug_frame   0x00002cd8       0x20 C:/Users/user/.eclipse/com.st.stm32cube.ide.mcu.rcp.product_1.15.0_424927651_win32_win32_x86_64/plugins/com.st.stm32cube.ide.mcu.externaltools.gnu-tools-for-stm32.12.3.rel1.win32_1.0.200.202406191623/tools/bin/../lib/gcc/arm-none-eabi/12.3.1/../../../../arm-none-eabi/lib/thumb/v7e-m+fp/hard\libm.a(libm_a-s_nan.o)
 .debug_frame   0x00002cf8       0x38 C:/Users/user/.eclipse/com.st.stm32cube.ide.mcu.rcp.product_1.15.0_424927651_win32_win32_x86_64/plugins/com.st.stm32cube.ide.mcu.externaltools.gnu-tools-for-stm32.12.3.rel1.win32_1.0.200.202406191623/tools/bin/../lib/gcc/arm-none-eabi/12.3.1/../../../../arm-none-eabi/lib/thumb/v7e-m+fp/hard\libm.a(libm_a-e_sqrt.o)
 .debug_frame   0x00002d30       0x38 C:/Users/user/.eclipse/com.st.stm32cube.ide.mcu.rcp.product_1.15.0_424927651_win32_win32_x86_64/plugins/com.st.stm32cube.ide.mcu.externaltools.gnu-tools-for-stm32.12.3.rel1.win32_1.0.200.202406191623/tools/bin/../lib/gcc/arm-none-eabi/12.3.1/../../../../arm-none-eabi/lib/thumb/v7e-m+fp/hard\libm.a(libm_a-e_acos.o)
 .debug_frame   0x00002d68       0x40 C:/Users/user/.eclipse/com.st.stm32cube.ide.mcu.rcp.product_1.15.0_424927651_win32_win32_x86_64/plugins/com.st.stm32cube.ide.mcu.externaltools.gnu-tools-for-stm32.12.3.rel1.win32_1.0.200.202406191623/tools/bin/../lib/gcc/arm-none-eabi/12.3.1/../../../../arm-none-eabi/lib/thumb/v7e-m+fp/hard\libm.a(libm_a-e_asin.o)
 .debug_frame   0x00002da8       0x78 C:/Users/user/.eclipse/com.st.stm32cube.ide.mcu.rcp.product_1.15.0_424927651_win32_win32_x86_64/plugins/com.st.stm32cube.ide.mcu.externaltools.gnu-tools-for-stm32.12.3.rel1.win32_1.0.200.202406191623/tools/bin/../lib/gcc/arm-none-eabi/12.3.1/../../../../arm-none-eabi/lib/thumb/v7e-m+fp/hard\libm.a(libm_a-e_pow.o)
 .debug_frame   0x00002e20       0x2c C:/Users/user/.eclipse/com.st.stm32cube.ide.mcu.rcp.product_1.15.0_424927651_win32_win32_x86_64/plugins/com.st.stm32cube.ide.mcu.externaltools.gnu-tools-for-stm32.12.3.rel1.win32_1.0.200.202406191623/tools/bin/../lib/gcc/arm-none-eabi/12.3.1/../../../../arm-none-eabi/lib/thumb/v7e-m+fp/hard\libm.a(libm_a-s_scalbn.o)
 .debug_frame   0x00002e4c      0x158 C:/Users/user/.eclipse/com.st.stm32cube.ide.mcu.rcp.product_1.15.0_424927651_win32_win32_x86_64/plugins/com.st.stm32cube.ide.mcu.externaltools.gnu-tools-for-stm32.12.3.rel1.win32_1.0.200.202406191623/tools/bin/../lib/gcc/arm-none-eabi/12.3.1/../../../../arm-none-eabi/lib/thumb/v7e-m+fp/hard\libm.a(libm_a-math_err.o)
 .debug_frame   0x00002fa4       0xac C:/Users/user/.eclipse/com.st.stm32cube.ide.mcu.rcp.product_1.15.0_424927651_win32_win32_x86_64/plugins/com.st.stm32cube.ide.mcu.externaltools.gnu-tools-for-stm32.12.3.rel1.win32_1.0.200.202406191623/tools/bin/../lib/gcc/arm-none-eabi/12.3.1/thumb/v7e-m+fp/hard\libgcc.a(_arm_addsubdf3.o)
 .debug_frame   0x00003050       0x50 C:/Users/user/.eclipse/com.st.stm32cube.ide.mcu.rcp.product_1.15.0_424927651_win32_win32_x86_64/plugins/com.st.stm32cube.ide.mcu.externaltools.gnu-tools-for-stm32.12.3.rel1.win32_1.0.200.202406191623/tools/bin/../lib/gcc/arm-none-eabi/12.3.1/thumb/v7e-m+fp/hard\libgcc.a(_arm_muldivdf3.o)
 .debug_frame   0x000030a0       0xc4 C:/Users/user/.eclipse/com.st.stm32cube.ide.mcu.rcp.product_1.15.0_424927651_win32_win32_x86_64/plugins/com.st.stm32cube.ide.mcu.externaltools.gnu-tools-for-stm32.12.3.rel1.win32_1.0.200.202406191623/tools/bin/../lib/gcc/arm-none-eabi/12.3.1/thumb/v7e-m+fp/hard\libgcc.a(_arm_cmpdf2.o)
 .debug_frame   0x00003164       0x20 C:/Users/user/.eclipse/com.st.stm32cube.ide.mcu.rcp.product_1.15.0_424927651_win32_win32_x86_64/plugins/com.st.stm32cube.ide.mcu.externaltools.gnu-tools-for-stm32.12.3.rel1.win32_1.0.200.202406191623/tools/bin/../lib/gcc/arm-none-eabi/12.3.1/thumb/v7e-m+fp/hard\libgcc.a(_arm_unorddf2.o)
 .debug_frame   0x00003184       0x24 C:/Users/user/.eclipse/com.st.stm32cube.ide.mcu.rcp.product_1.15.0_424927651_win32_win32_x86_64/plugins/com.st.stm32cube.ide.mcu.externaltools.gnu-tools-for-stm32.12.3.rel1.win32_1.0.200.202406191623/tools/bin/../lib/gcc/arm-none-eabi/12.3.1/thumb/v7e-m+fp/hard\libgcc.a(_arm_truncdfsf2.o)
 .debug_frame   0x000031a8       0x2c C:/Users/user/.eclipse/com.st.stm32cube.ide.mcu.rcp.product_1.15.0_424927651_win32_win32_x86_64/plugins/com.st.stm32cube.ide.mcu.externaltools.gnu-tools-for-stm32.12.3.rel1.win32_1.0.200.202406191623/tools/bin/../lib/gcc/arm-none-eabi/12.3.1/thumb/v7e-m+fp/hard\libgcc.a(_aeabi_uldivmod.o)
 .debug_frame   0x000031d4       0x34 C:/Users/user/.eclipse/com.st.stm32cube.ide.mcu.rcp.product_1.15.0_424927651_win32_win32_x86_64/plugins/com.st.stm32cube.ide.mcu.externaltools.gnu-tools-for-stm32.12.3.rel1.win32_1.0.200.202406191623/tools/bin/../lib/gcc/arm-none-eabi/12.3.1/thumb/v7e-m+fp/hard\libgcc.a(_udivmoddi4.o)

.debug_line_str
                0x00000000       0x48
 .debug_line_str
                0x00000000       0x48 ./Core/Startup/startup_stm32f407vetx.o