../Core/Src/main.c:86:6:PCA9685_SetBit	40	static
../Core/Src/main.c:97:6:PCA9685_SetPWMFrequency	40	static
../Core/Src/main.c:111:6:PCA9685_Init	16	static
../Core/Src/main.c:117:6:PCA9685_SetPWM	40	static
../Core/Src/main.c:130:6:PCA9685_SetServoAngle	24	static
../Core/Src/main.c:148:6:HAL_UART_IDLE_Callback	24	static
../Core/Src/main.c:165:6:HAL_UART_RxCpltCallback	24	static
../Core/Src/main.c:182:6:HAL_UART_ErrorCallback	40	static
../Core/Src/main.c:228:7:getTheta	48	static
../Core/Src/main.c:252:6:moveTOPS	120	static
../Core/Src/main.c:292:6:inPlace	32	static
../Core/Src/main.c:319:6:step	64	static
../Core/Src/main.c:393:6:stand	24	static
../Core/Src/main.c:407:6:UpdatePosition	16	static
../Core/Src/main.c:475:5:main	8	static
../Core/Src/main.c:539:6:SystemClock_Config	88	static
../Core/Src/main.c:589:6:Error_Handler	4	static,ignoring_inline_asm
